\BOOKMARK [0][-]{chapter*.4}{\376\377\000L\000i\000s\000t\000a\000\040\000d\000e\000\040\000F\000i\000g\000u\000r\000a\000s}{}% 1
\BOOKMARK [0][-]{chapter*.5}{\376\377\000L\000i\000s\000t\000a\000\040\000d\000e\000\040\000T\000a\000b\000e\000l\000a\000s}{}% 2
\BOOKMARK [0][-]{chapter*.6}{\376\377\000L\000i\000s\000t\000a\000\040\000d\000e\000\040\000A\000b\000r\000e\000v\000i\000a\000t\000u\000r\000a\000s}{}% 3
\BOOKMARK [0][-]{chapter.1}{\376\377\000I\000n\000t\000r\000o\000d\000u\000\347\000\343\000o}{}% 4
\BOOKMARK [1][-]{section.1.1}{\376\377\000I\000n\000t\000r\000o\000d\000u\000\347\000\343\000o}{chapter.1}% 5
\BOOKMARK [1][-]{section.1.2}{\376\377\000O\000b\000j\000e\000t\000i\000v\000o\000s}{chapter.1}% 6
\BOOKMARK [1][-]{section.1.3}{\376\377\000J\000u\000s\000t\000i\000f\000i\000c\000a\000t\000i\000v\000a}{chapter.1}% 7
\BOOKMARK [1][-]{section.1.4}{\376\377\000O\000r\000g\000a\000n\000i\000z\000a\000\347\000\343\000o\000\040\000d\000o\000\040\000T\000r\000a\000b\000a\000l\000h\000o}{chapter.1}% 8
\BOOKMARK [0][-]{chapter.2}{\376\377\000R\000e\000v\000i\000s\000\343\000o\000\040\000B\000i\000b\000l\000i\000o\000g\000r\000\341\000f\000i\000c\000a}{}% 9
\BOOKMARK [1][-]{section.2.1}{\376\377\000I\000n\000t\000r\000o\000d\000u\000\347\000\343\000o\000\040\000a\000o\000\040\000C\000a\000p\000\355\000t\000u\000l\000o}{chapter.2}% 10
\BOOKMARK [1][-]{section.2.2}{\376\377\000P\000r\000o\000b\000l\000e\000m\000a\000s\000\040\000T\000\351\000r\000m\000i\000c\000o\000s\000\040\000e\000\040\000E\000q\000u\000a\000\347\000\365\000e\000s\000\040\000G\000o\000v\000e\000r\000n\000a\000n\000t\000e\000s}{chapter.2}% 11
\BOOKMARK [2][-]{subsection.2.2.1}{\376\377\000C\000o\000n\000d\000u\000\347\000\343\000o\000\040\000d\000e\000\040\000C\000a\000l\000o\000r}{section.2.2}% 12
\BOOKMARK [2][-]{subsection.2.2.2}{\376\377\000C\000o\000n\000v\000e\000c\000\347\000\343\000o\000\040\000e\000\040\000A\000c\000o\000p\000l\000a\000m\000e\000n\000t\000o\000\040\000c\000o\000m\000\040\000E\000s\000c\000o\000a\000m\000e\000n\000t\000o}{section.2.2}% 13
\BOOKMARK [2][-]{subsection.2.2.3}{\376\377\000R\000a\000d\000i\000a\000\347\000\343\000o\000\040\000T\000\351\000r\000m\000i\000c\000a}{section.2.2}% 14
\BOOKMARK [1][-]{section.2.3}{\376\377\000M\000\351\000t\000o\000d\000o\000s\000\040\000N\000u\000m\000\351\000r\000i\000c\000o\000s\000\040\000p\000a\000r\000a\000\040\000E\000D\000P\000s}{chapter.2}% 15
\BOOKMARK [2][-]{subsection.2.3.1}{\376\377\000M\000\351\000t\000o\000d\000o\000\040\000d\000a\000s\000\040\000D\000i\000f\000e\000r\000e\000n\000\347\000a\000s\000\040\000F\000i\000n\000i\000t\000a\000s\000\040\000\050\000M\000D\000F\000\051}{section.2.3}% 16
\BOOKMARK [2][-]{subsection.2.3.2}{\376\377\000M\000\351\000t\000o\000d\000o\000\040\000d\000o\000s\000\040\000E\000l\000e\000m\000e\000n\000t\000o\000s\000\040\000F\000i\000n\000i\000t\000o\000s\000\040\000\050\000M\000E\000F\000\051}{section.2.3}% 17
\BOOKMARK [1][-]{section.2.4}{\376\377\000B\000a\000s\000e\000s\000\040\000H\000i\000s\000t\000\363\000r\000i\000c\000a\000s\000\040\000e\000\040\000C\000o\000n\000s\000o\000l\000i\000d\000a\000\347\000\343\000o\000\040\000d\000o\000\040\000M\000E\000F\000/\000C\000F\000D}{chapter.2}% 18
\BOOKMARK [1][-]{section.2.5}{\376\377\000T\000r\000a\000b\000a\000l\000h\000o\000s\000\040\000C\000o\000r\000r\000e\000l\000a\000t\000o\000s}{chapter.2}% 19
\BOOKMARK [2][-]{subsection.2.5.1}{\376\377\000T\000r\000a\000n\000s\000f\000e\000r\000\352\000n\000c\000i\000a\000\040\000d\000e\000\040\000C\000a\000l\000o\000r\000\040\000e\000\040\000C\000o\000n\000d\000u\000\347\000\343\000o\000\040\000e\000m\000\040\000C\000o\000m\000p\000o\000n\000e\000n\000t\000e\000s}{section.2.5}% 20
\BOOKMARK [2][-]{subsection.2.5.2}{\376\377\000E\000s\000c\000o\000a\000m\000e\000n\000t\000o\000\040\000e\000\040\000C\000F\000D\000\040\000p\000e\000l\000a\000\040\000F\000o\000r\000m\000u\000l\000a\000\347\000\343\000o\000\040\000V\000o\000r\000t\000i\000c\000i\000d\000a\000d\000e\000-\000C\000o\000r\000r\000e\000n\000t\000e}{section.2.5}% 21
\BOOKMARK [2][-]{subsection.2.5.3}{\376\377\000C\000o\000m\000p\000a\000r\000a\000\347\000\343\000o\000\040\000d\000e\000\040\000M\000\351\000t\000o\000d\000o\000s\000\040\000e\000\040\000F\000u\000n\000d\000a\000m\000e\000n\000t\000a\000\347\000\343\000o\000\040\000V\000a\000r\000i\000a\000c\000i\000o\000n\000a\000l}{section.2.5}% 22
\BOOKMARK [1][-]{section.2.6}{\376\377\000S\000\355\000n\000t\000e\000s\000e\000\040\000d\000a\000\040\000R\000e\000v\000i\000s\000\343\000o\000\040\000e\000\040\000L\000a\000c\000u\000n\000a\000\040\000A\000t\000a\000c\000a\000d\000a}{chapter.2}% 23
\BOOKMARK [0][-]{chapter.3}{\376\377\000F\000u\000n\000d\000a\000m\000e\000n\000t\000a\000\347\000\343\000o\000\040\000T\000e\000\363\000r\000i\000c\000a}{}% 24
\BOOKMARK [1][-]{section.3.1}{\376\377\000I\000n\000t\000r\000o\000d\000u\000\347\000\343\000o\000\040\000a\000o\000\040\000C\000a\000p\000\355\000t\000u\000l\000o}{chapter.3}% 25
\BOOKMARK [1][-]{section.3.2}{\376\377\000E\000q\000u\000a\000\347\000\365\000e\000s\000\040\000G\000o\000v\000e\000r\000n\000a\000n\000t\000e\000s}{chapter.3}% 26
\BOOKMARK [2][-]{subsection.3.2.1}{\376\377\000C\000o\000n\000d\000u\000\347\000\343\000o\000\040\000e\000\040\000C\000o\000n\000v\000e\000c\000\347\000\343\000o\000\040\000T\000\351\000r\000m\000i\000c\000a}{section.3.2}% 27
\BOOKMARK [2][-]{subsection.3.2.2}{\376\377\000E\000s\000c\000o\000a\000m\000e\000n\000t\000o\000\040\000d\000e\000\040\000F\000l\000u\000i\000d\000o\000s\000\040\000\050\000N\000a\000v\000i\000e\000r\000-\000S\000t\000o\000k\000e\000s\000\051}{section.3.2}% 28
\BOOKMARK [1][-]{section.3.3}{\376\377\000T\000r\000a\000n\000s\000i\000\347\000\343\000o\000\040\000D\000i\000s\000c\000r\000e\000t\000a\000:\000\040\000O\000\040\000M\000\351\000t\000o\000d\000o\000\040\000d\000a\000s\000\040\000D\000i\000f\000e\000r\000e\000n\000\347\000a\000s\000\040\000F\000i\000n\000i\000t\000a\000s\000\040\000\050\000M\000D\000F\000\051}{chapter.3}% 29
\BOOKMARK [1][-]{section.3.4}{\376\377\000O\000\040\000M\000\351\000t\000o\000d\000o\000\040\000d\000o\000s\000\040\000E\000l\000e\000m\000e\000n\000t\000o\000s\000\040\000F\000i\000n\000i\000t\000o\000s\000\040\000\050\000M\000E\000F\000\051}{chapter.3}% 30
\BOOKMARK [2][-]{subsection.3.4.1}{\376\377\000D\000a\000\040\000F\000o\000r\000m\000a\000\040\000F\000o\000r\000t\000e\000\040\000\340\000\040\000F\000o\000r\000m\000a\000\040\000F\000r\000a\000c\000a}{section.3.4}% 31
\BOOKMARK [2][-]{subsection.3.4.2}{\376\377\000C\000o\000n\000d\000i\000\347\000\365\000e\000s\000\040\000d\000e\000\040\000C\000o\000n\000t\000o\000r\000n\000o}{section.3.4}% 32
\BOOKMARK [2][-]{subsection.3.4.3}{\376\377\000O\000\040\000M\000\351\000t\000o\000d\000o\000\040\000d\000e\000\040\000G\000a\000l\000e\000r\000k\000i\000n}{section.3.4}% 33
\BOOKMARK [2][-]{subsection.3.4.4}{\376\377\000E\000l\000e\000m\000e\000n\000t\000o\000s\000\040\000T\000r\000i\000a\000n\000g\000u\000l\000a\000r\000e\000s\000\040\000L\000i\000n\000e\000a\000r\000e\000s}{section.3.4}% 34
\BOOKMARK [2][-]{subsection.3.4.5}{\376\377\000M\000a\000t\000r\000i\000z\000e\000s\000\040\000E\000l\000e\000m\000e\000n\000t\000a\000r\000e\000s}{section.3.4}% 35
\BOOKMARK [2][-]{subsection.3.4.6}{\376\377\000M\000o\000n\000t\000a\000g\000e\000m\000\040\000G\000l\000o\000b\000a\000l}{section.3.4}% 36
\BOOKMARK [1][-]{section.3.5}{\376\377\000F\000o\000r\000m\000u\000l\000a\000\347\000\343\000o\000\040\000V\000o\000r\000t\000i\000c\000i\000d\000a\000d\000e\000-\000C\000o\000r\000r\000e\000n\000t\000e}{chapter.3}% 37
\BOOKMARK [2][-]{subsection.3.5.1}{\376\377\000D\000e\000f\000i\000n\000i\000\347\000\365\000e\000s}{section.3.5}% 38
\BOOKMARK [2][-]{subsection.3.5.2}{\376\377\000E\000q\000u\000a\000\347\000\343\000o\000\040\000d\000e\000\040\000T\000r\000a\000n\000s\000p\000o\000r\000t\000e\000\040\000d\000a\000\040\000V\000o\000r\000t\000i\000c\000i\000d\000a\000d\000e}{section.3.5}% 39
\BOOKMARK [2][-]{subsection.3.5.3}{\376\377\000S\000i\000s\000t\000e\000m\000a\000\040\000A\000c\000o\000p\000l\000a\000d\000o\000\040\000e\000\040\000S\000o\000l\000u\000\347\000\343\000o\000\040\000I\000t\000e\000r\000a\000t\000i\000v\000a}{section.3.5}% 40
\BOOKMARK [2][-]{subsection.3.5.4}{\376\377\000M\000a\000t\000r\000i\000z\000\040\000d\000e\000\040\000C\000o\000n\000v\000e\000c\000\347\000\343\000o\000\040\000e\000\040\000E\000s\000t\000a\000b\000i\000l\000i\000z\000a\000\347\000\343\000o\000\040\000S\000U\000P\000G}{section.3.5}% 41
\BOOKMARK [1][-]{section.3.6}{\376\377\000I\000n\000t\000e\000g\000r\000a\000\347\000\343\000o\000\040\000T\000e\000m\000p\000o\000r\000a\000l}{chapter.3}% 42
\BOOKMARK [2][-]{subsection.3.6.1}{\376\377\000M\000\351\000t\000o\000d\000o\000\040\000\040\000G\000e\000n\000e\000r\000a\000l\000i\000z\000a\000d\000o}{section.3.6}% 43
\BOOKMARK [2][-]{subsection.3.6.2}{\376\377\000E\000s\000q\000u\000e\000m\000a\000\040\000S\000e\000m\000i\000-\000I\000m\000p\000l\000\355\000c\000i\000t\000o\000\040\000A\000d\000o\000t\000a\000d\000o}{section.3.6}% 44
\BOOKMARK [2][-]{subsection.3.6.3}{\376\377\000C\000o\000n\000d\000i\000\347\000\343\000o\000\040\000d\000e\000\040\000C\000o\000n\000t\000o\000r\000n\000o\000\040\000d\000e\000\040\000V\000o\000r\000t\000i\000c\000i\000d\000a\000d\000e\000\040\000n\000a\000\040\000P\000a\000r\000e\000d\000e}{section.3.6}% 45
\BOOKMARK [1][-]{section.3.7}{\376\377\000S\000\355\000n\000t\000e\000s\000e\000\040\000d\000o\000\040\000C\000a\000p\000\355\000t\000u\000l\000o}{chapter.3}% 46
\BOOKMARK [0][-]{chapter.4}{\376\377\000R\000e\000s\000u\000l\000t\000a\000d\000o\000s\000\040\000e\000\040\000V\000a\000l\000i\000d\000a\000\347\000\343\000o}{}% 47
\BOOKMARK [1][-]{section.4.1}{\376\377\000I\000n\000t\000r\000o\000d\000u\000\347\000\343\000o}{chapter.4}% 48
\BOOKMARK [1][-]{section.4.2}{\376\377\000C\000o\000n\000d\000u\000\347\000\343\000o\000\040\000P\000e\000r\000m\000a\000n\000e\000n\000t\000e\000\040\0001\000D}{chapter.4}% 49
\BOOKMARK [2][-]{subsection.4.2.1}{\376\377\000F\000o\000r\000m\000u\000l\000a\000\347\000\343\000o\000\040\000d\000o\000\040\000P\000r\000o\000b\000l\000e\000m\000a}{section.4.2}% 50
\BOOKMARK [2][-]{subsection.4.2.2}{\376\377\000S\000o\000l\000u\000\347\000\343\000o\000\040\000A\000n\000a\000l\000\355\000t\000i\000c\000a}{section.4.2}% 51
\BOOKMARK [2][-]{subsection.4.2.3}{\376\377\000S\000o\000l\000u\000\347\000\343\000o\000\040\000M\000E\000F\000\040\000e\000\040\000C\000o\000m\000p\000a\000r\000a\000\347\000\343\000o}{section.4.2}% 52
\BOOKMARK [2][-]{subsection.4.2.4}{\376\377\000A\000n\000\341\000l\000i\000s\000e\000\040\000d\000e\000\040\000E\000r\000r\000o}{section.4.2}% 53
\BOOKMARK [1][-]{section.4.3}{\376\377\000C\000o\000n\000d\000u\000\347\000\343\000o\000\040\000T\000r\000a\000n\000s\000i\000e\000n\000t\000e\000\040\0001\000D\000\040\000c\000o\000m\000\040\000k\000\050\000x\000\051\000\040\000V\000a\000r\000i\000\341\000v\000e\000l}{chapter.4}% 54
\BOOKMARK [2][-]{subsection.4.3.1}{\376\377\000F\000o\000r\000m\000u\000l\000a\000\347\000\343\000o\000\040\000d\000o\000\040\000P\000r\000o\000b\000l\000e\000m\000a}{section.4.3}% 55
\BOOKMARK [2][-]{subsection.4.3.2}{\376\377\000S\000o\000l\000u\000\347\000\343\000o\000\040\000A\000n\000a\000l\000\355\000t\000i\000c\000a\000\040\000d\000e\000\040\000R\000e\000g\000i\000m\000e\000\040\000P\000e\000r\000m\000a\000n\000e\000n\000t\000e}{section.4.3}% 56
\BOOKMARK [2][-]{subsection.4.3.3}{\376\377\000S\000o\000l\000u\000\347\000\343\000o\000\040\000M\000E\000F\000\040\000e\000\040\000C\000o\000m\000p\000a\000r\000a\000\347\000\343\000o}{section.4.3}% 57
\BOOKMARK [2][-]{subsection.4.3.4}{\376\377\000A\000n\000\341\000l\000i\000s\000e\000\040\000d\000e\000\040\000E\000r\000r\000o}{section.4.3}% 58
\BOOKMARK [1][-]{section.4.4}{\376\377\000C\000o\000n\000v\000e\000c\000\347\000\343\000o\000-\000D\000i\000f\000u\000s\000\343\000o\000\040\0001\000D\000\040\000c\000o\000m\000\040\000E\000s\000t\000a\000b\000i\000l\000i\000z\000a\000\347\000\343\000o\000\040\000S\000U\000P\000G}{chapter.4}% 59
\BOOKMARK [2][-]{subsection.4.4.1}{\376\377\000F\000o\000r\000m\000u\000l\000a\000\347\000\343\000o\000\040\000d\000o\000\040\000P\000r\000o\000b\000l\000e\000m\000a}{section.4.4}% 60
\BOOKMARK [2][-]{subsection.4.4.2}{\376\377\000S\000o\000l\000u\000\347\000\343\000o\000\040\000A\000n\000a\000l\000\355\000t\000i\000c\000a}{section.4.4}% 61
\BOOKMARK [2][-]{subsection.4.4.3}{\376\377\000S\000o\000l\000u\000\347\000\343\000o\000\040\000M\000E\000F\000\040\000c\000o\000m\000\040\000S\000U\000P\000G}{section.4.4}% 62
\BOOKMARK [2][-]{subsection.4.4.4}{\376\377\000A\000n\000\341\000l\000i\000s\000e\000\040\000d\000e\000\040\000E\000r\000r\000o}{section.4.4}% 63
\BOOKMARK [1][-]{section.4.5}{\376\377\000V\000i\000g\000a\000\040\0001\000D\000\040\040\024\000\040\000F\000l\000e\000x\000\343\000o\000\040\000d\000e\000\040\000E\000u\000l\000e\000r\000-\000B\000e\000r\000n\000o\000u\000l\000l\000i}{chapter.4}% 64
\BOOKMARK [2][-]{subsection.4.5.1}{\376\377\000F\000o\000r\000m\000u\000l\000a\000\347\000\343\000o\000\040\000d\000o\000\040\000P\000r\000o\000b\000l\000e\000m\000a}{section.4.5}% 65
\BOOKMARK [2][-]{subsection.4.5.2}{\376\377\000S\000o\000l\000u\000\347\000\343\000o\000\040\000A\000n\000a\000l\000\355\000t\000i\000c\000a}{section.4.5}% 66
\BOOKMARK [2][-]{subsection.4.5.3}{\376\377\000S\000o\000l\000u\000\347\000\343\000o\000\040\000M\000E\000F\000\040\000e\000\040\000C\000o\000m\000p\000a\000r\000a\000\347\000\343\000o}{section.4.5}% 67
\BOOKMARK [2][-]{subsection.4.5.4}{\376\377\000A\000n\000\341\000l\000i\000s\000e\000\040\000d\000e\000\040\000E\000r\000r\000o}{section.4.5}% 68
\BOOKMARK [1][-]{section.4.6}{\376\377\000V\000i\000b\000r\000a\000\347\000\343\000o\000\040\0001\000D\000\040\040\024\000\040\000P\000r\000o\000b\000l\000e\000m\000a\000\040\000d\000e\000\040\000A\000u\000t\000o\000v\000a\000l\000o\000r}{chapter.4}% 69
\BOOKMARK [2][-]{subsection.4.6.1}{\376\377\000F\000o\000r\000m\000u\000l\000a\000\347\000\343\000o\000\040\000d\000o\000\040\000P\000r\000o\000b\000l\000e\000m\000a}{section.4.6}% 70
\BOOKMARK [2][-]{subsection.4.6.2}{\376\377\000S\000o\000l\000u\000\347\000\343\000o\000\040\000A\000n\000a\000l\000\355\000t\000i\000c\000a}{section.4.6}% 71
\BOOKMARK [2][-]{subsection.4.6.3}{\376\377\000S\000o\000l\000u\000\347\000\343\000o\000\040\000M\000E\000F\000\040\000e\000\040\000C\000o\000m\000p\000a\000r\000a\000\347\000\343\000o}{section.4.6}% 72
\BOOKMARK [2][-]{subsection.4.6.4}{\376\377\000A\000n\000\341\000l\000i\000s\000e\000\040\000d\000e\000\040\000E\000r\000r\000o}{section.4.6}% 73
\BOOKMARK [1][-]{section.4.7}{\376\377\000T\000r\000a\000n\000s\000f\000e\000r\000\352\000n\000c\000i\000a\000\040\000d\000e\000\040\000C\000a\000l\000o\000r\000\040\000T\000r\000a\000n\000s\000i\000e\000n\000t\000e\000\040\0002\000D}{chapter.4}% 74
\BOOKMARK [2][-]{subsection.4.7.1}{\376\377\000F\000o\000r\000m\000u\000l\000a\000\347\000\343\000o\000\040\000d\000o\000\040\000P\000r\000o\000b\000l\000e\000m\000a}{section.4.7}% 75
\BOOKMARK [2][-]{subsection.4.7.2}{\376\377\000S\000o\000l\000u\000\347\000\343\000o\000\040\000A\000n\000a\000l\000\355\000t\000i\000c\000a\000\040\000d\000e\000\040\000R\000e\000g\000i\000m\000e\000\040\000P\000e\000r\000m\000a\000n\000e\000n\000t\000e}{section.4.7}% 76
\BOOKMARK [2][-]{subsection.4.7.3}{\376\377\000S\000o\000l\000u\000\347\000\343\000o\000\040\000M\000E\000F\000\040\000e\000\040\000C\000o\000m\000p\000a\000r\000a\000\347\000\343\000o}{section.4.7}% 77
\BOOKMARK [2][-]{subsection.4.7.4}{\376\377\000A\000n\000\341\000l\000i\000s\000e\000\040\000d\000e\000\040\000E\000r\000r\000o}{section.4.7}% 78
\BOOKMARK [1][-]{section.4.8}{\376\377\000E\000s\000c\000o\000a\000m\000e\000n\000t\000o\000\040\000P\000o\000t\000e\000n\000c\000i\000a\000l\000\040\0002\000D\000\040\000e\000m\000\040\000T\000o\000r\000n\000o\000\040\000d\000e\000\040\000C\000i\000l\000i\000n\000d\000r\000o}{chapter.4}% 79
\BOOKMARK [2][-]{subsection.4.8.1}{\376\377\000F\000o\000r\000m\000u\000l\000a\000\347\000\343\000o\000\040\000d\000o\000\040\000P\000r\000o\000b\000l\000e\000m\000a}{section.4.8}% 80
\BOOKMARK [2][-]{subsection.4.8.2}{\376\377\000S\000o\000l\000u\000\347\000\343\000o\000\040\000A\000n\000a\000l\000\355\000t\000i\000c\000a\000\040\000e\000m\000\040\000D\000o\000m\000\355\000n\000i\000o\000\040\000I\000n\000f\000i\000n\000i\000t\000o}{section.4.8}% 81
\BOOKMARK [2][-]{subsection.4.8.3}{\376\377\000S\000o\000l\000u\000\347\000\343\000o\000\040\000M\000E\000F\000\040\000e\000\040\000C\000o\000m\000p\000a\000r\000a\000\347\000\343\000o}{section.4.8}% 82
\BOOKMARK [2][-]{subsection.4.8.4}{\376\377\000A\000n\000\341\000l\000i\000s\000e\000\040\000d\000e\000\040\000E\000r\000r\000o}{section.4.8}% 83
\BOOKMARK [1][-]{section.4.9}{\376\377\000N\000a\000v\000i\000e\000r\000-\000S\000t\000o\000k\000e\000s\000\040\0002\000D\000\040\040\024\000\040\000C\000a\000v\000i\000d\000a\000d\000e\000\040\000c\000o\000m\000\040\000T\000a\000m\000p\000a\000\040\000M\000\363\000v\000e\000l}{chapter.4}% 84
\BOOKMARK [2][-]{subsection.4.9.1}{\376\377\000F\000o\000r\000m\000u\000l\000a\000\347\000\343\000o\000\040\000d\000o\000\040\000P\000r\000o\000b\000l\000e\000m\000a}{section.4.9}% 85
\BOOKMARK [2][-]{subsection.4.9.2}{\376\377\000B\000e\000n\000c\000h\000m\000a\000r\000k\000\040\000d\000e\000\040\000R\000e\000f\000e\000r\000\352\000n\000c\000i\000a}{section.4.9}% 86
\BOOKMARK [2][-]{subsection.4.9.3}{\376\377\000S\000o\000l\000u\000\347\000\343\000o\000\040\000M\000E\000F\000\040\000e\000\040\000C\000o\000m\000p\000a\000r\000a\000\347\000\343\000o}{section.4.9}% 87
\BOOKMARK [2][-]{subsection.4.9.4}{\376\377\000A\000n\000\341\000l\000i\000s\000e\000\040\000d\000e\000\040\000E\000r\000r\000o}{section.4.9}% 88
\BOOKMARK [0][-]{chapter.5}{\376\377\000D\000e\000s\000e\000n\000v\000o\000l\000v\000i\000m\000e\000n\000t\000o\000\040\000e\000\040\000A\000r\000q\000u\000i\000t\000e\000t\000u\000r\000a}{}% 89
\BOOKMARK [1][-]{section.5.1}{\376\377\000V\000i\000s\000\343\000o\000\040\000G\000e\000r\000a\000l\000\040\000d\000a\000\040\000P\000l\000a\000t\000a\000f\000o\000r\000m\000a}{chapter.5}% 90
\BOOKMARK [1][-]{section.5.2}{\376\377\000J\000u\000s\000t\000i\000f\000i\000c\000a\000t\000i\000v\000a\000\040\000T\000e\000c\000n\000o\000l\000\363\000g\000i\000c\000a}{chapter.5}% 91
\BOOKMARK [2][-]{subsection.5.2.1}{\376\377\000P\000y\000S\000c\000r\000i\000p\000t\000\040\000e\000\040\000W\000e\000b\000A\000s\000s\000e\000m\000b\000l\000y}{section.5.2}% 92
\BOOKMARK [2][-]{subsection.5.2.2}{\376\377\000C\000o\000m\000p\000u\000t\000a\000\347\000\343\000o\000\040\000C\000l\000i\000e\000n\000t\000-\000S\000i\000d\000e}{section.5.2}% 93
\BOOKMARK [2][-]{subsection.5.2.3}{\376\377\000C\000o\000m\000p\000a\000r\000a\000\347\000\343\000o\000\040\000c\000o\000m\000\040\000A\000l\000t\000e\000r\000n\000a\000t\000i\000v\000a\000s}{section.5.2}% 94
\BOOKMARK [2][-]{subsection.5.2.4}{\376\377\000A\000n\000\341\000l\000i\000s\000e\000\040\000C\000o\000m\000p\000u\000t\000a\000c\000i\000o\000n\000a\000l}{section.5.2}% 95
\BOOKMARK [1][-]{section.5.3}{\376\377\000A\000r\000q\000u\000i\000t\000e\000t\000u\000r\000a\000\040\000d\000e\000\040\000S\000o\000f\000t\000w\000a\000r\000e}{chapter.5}% 96
\BOOKMARK [2][-]{subsection.5.3.1}{\376\377\000O\000r\000g\000a\000n\000i\000z\000a\000\347\000\343\000o\000\040\000d\000e\000\040\000D\000i\000r\000e\000t\000\363\000r\000i\000o\000s}{section.5.3}% 97
\BOOKMARK [2][-]{subsection.5.3.2}{\376\377\000F\000l\000u\000x\000o\000\040\000d\000e\000\040\000E\000x\000e\000c\000u\000\347\000\343\000o\000\040\000d\000e\000\040\000u\000m\000a\000\040\000S\000i\000m\000u\000l\000a\000\347\000\343\000o}{section.5.3}% 98
\BOOKMARK [1][-]{section.5.4}{\376\377\000M\000\363\000d\000u\000l\000o\000s\000\040\000d\000e\000\040\000S\000i\000m\000u\000l\000a\000\347\000\343\000o\000\040\000M\000E\000F}{chapter.5}% 99
\BOOKMARK [2][-]{subsection.5.4.1}{\376\377\000C\000o\000n\000d\000u\000\347\000\343\000o\000\040\000P\000e\000r\000m\000a\000n\000e\000n\000t\000e\000\040\0001\000D}{section.5.4}% 100
\BOOKMARK [2][-]{subsection.5.4.2}{\376\377\000C\000o\000n\000d\000u\000\347\000\343\000o\000\040\000T\000r\000a\000n\000s\000i\000e\000n\000t\000e\000\040\0001\000D\000\040\000c\000o\000m\000\040\000k\000\050\000x\000\051\000\040\000V\000a\000r\000i\000\341\000v\000e\000l}{section.5.4}% 101
\BOOKMARK [2][-]{subsection.5.4.3}{\376\377\000C\000o\000n\000v\000e\000c\000\347\000\343\000o\000-\000D\000i\000f\000u\000s\000\343\000o\000\040\0001\000D\000\040\000c\000o\000m\000\040\000E\000s\000t\000a\000b\000i\000l\000i\000z\000a\000\347\000\343\000o\000\040\000S\000U\000P\000G}{section.5.4}% 102
\BOOKMARK [2][-]{subsection.5.4.4}{\376\377\000V\000i\000g\000a\000\040\0001\000D\000\040\040\024\000\040\000A\000n\000\341\000l\000i\000s\000e\000\040\000d\000e\000\040\000F\000l\000e\000x\000\343\000o\000\040\000\050\000E\000u\000l\000e\000r\000-\000B\000e\000r\000n\000o\000u\000l\000l\000i\000\051}{section.5.4}% 103
\BOOKMARK [2][-]{subsection.5.4.5}{\376\377\000V\000i\000b\000r\000a\000\347\000\343\000o\000\040\0001\000D\000\040\040\024\000\040\000P\000r\000o\000b\000l\000e\000m\000a\000\040\000d\000e\000\040\000A\000u\000t\000o\000v\000a\000l\000o\000r}{section.5.4}% 104
\BOOKMARK [2][-]{subsection.5.4.6}{\376\377\000T\000r\000a\000n\000s\000f\000e\000r\000\352\000n\000c\000i\000a\000\040\000d\000e\000\040\000C\000a\000l\000o\000r\000\040\0002\000D}{section.5.4}% 105
\BOOKMARK [2][-]{subsection.5.4.7}{\376\377\000E\000s\000c\000o\000a\000m\000e\000n\000t\000o\000\040\000P\000o\000t\000e\000n\000c\000i\000a\000l\000\040\0002\000D}{section.5.4}% 106
\BOOKMARK [2][-]{subsection.5.4.8}{\376\377\000N\000a\000v\000i\000e\000r\000-\000S\000t\000o\000k\000e\000s\000\040\0002\000D\000\040\000\050\000V\000o\000r\000t\000i\000c\000i\000d\000a\000d\000e\000-\000C\000o\000r\000r\000e\000n\000t\000e\000\051}{section.5.4}% 107
\BOOKMARK [1][-]{section.5.5}{\376\377\000M\000\363\000d\000u\000l\000o\000s\000\040\000C\000o\000m\000p\000l\000e\000m\000e\000n\000t\000a\000r\000e\000s\000\040\000e\000m\000\040\000M\000D\000F}{chapter.5}% 108
\BOOKMARK [1][-]{section.5.6}{\376\377\000L\000i\000m\000i\000t\000a\000\347\000\365\000e\000s\000\040\000d\000a\000\040\000P\000l\000a\000t\000a\000f\000o\000r\000m\000a}{chapter.5}% 109
\BOOKMARK [1][-]{section.5.7}{\376\377\000S\000\355\000n\000t\000e\000s\000e\000\040\000d\000o\000\040\000C\000a\000p\000\355\000t\000u\000l\000o}{chapter.5}% 110
\BOOKMARK [0][-]{chapter.6}{\376\377\000C\000o\000n\000c\000l\000u\000s\000\365\000e\000s}{}% 111
\BOOKMARK [1][-]{section.6.1}{\376\377\000C\000o\000n\000c\000l\000u\000s\000\365\000e\000s}{chapter.6}% 112
\BOOKMARK [1][-]{section.6.2}{\376\377\000T\000r\000a\000b\000a\000l\000h\000o\000s\000\040\000F\000u\000t\000u\000r\000o\000s}{chapter.6}% 113
\BOOKMARK [0][-]{chapter*.108}{\376\377\000R\000e\000f\000e\000r\000\352\000n\000c\000i\000a\000s\000\040\000B\000i\000b\000l\000i\000o\000g\000r\000\341\000f\000i\000c\000a\000s}{}% 114
\BOOKMARK [0][-]{appendix.A}{\376\377\000L\000i\000s\000t\000a\000g\000e\000n\000s\000\040\000d\000o\000s\000\040\000M\000\363\000d\000u\000l\000o\000s\000\040\000d\000e\000\040\000S\000i\000m\000u\000l\000a\000\347\000\343\000o\000\040\0001\000D}{}% 115
\BOOKMARK [1][-]{section.A.1}{\376\377\000C\000o\000n\000d\000u\000\347\000\343\000o\000\040\000P\000e\000r\000m\000a\000n\000e\000n\000t\000e\000\040\0001\000D}{appendix.A}% 116
\BOOKMARK [1][-]{section.A.2}{\376\377\000C\000o\000n\000d\000u\000\347\000\343\000o\000\040\000T\000r\000a\000n\000s\000i\000e\000n\000t\000e\000\040\0001\000D\000\040\000c\000o\000m\000\040\000k\000\050\000x\000\051\000\040\000V\000a\000r\000i\000\341\000v\000e\000l}{appendix.A}% 117
\BOOKMARK [1][-]{section.A.3}{\376\377\000C\000o\000n\000v\000e\000c\000\347\000\343\000o\000-\000D\000i\000f\000u\000s\000\343\000o\000\040\0001\000D\000\040\000c\000o\000m\000\040\000S\000U\000P\000G}{appendix.A}% 118
\BOOKMARK [1][-]{section.A.4}{\376\377\000V\000i\000g\000a\000\040\0001\000D\000\040\040\024\000\040\000E\000u\000l\000e\000r\000-\000B\000e\000r\000n\000o\000u\000l\000l\000i}{appendix.A}% 119
\BOOKMARK [1][-]{section.A.5}{\376\377\000V\000i\000b\000r\000a\000\347\000\343\000o\000\040\0001\000D\000\040\040\024\000\040\000P\000r\000o\000b\000l\000e\000m\000a\000\040\000d\000e\000\040\000A\000u\000t\000o\000v\000a\000l\000o\000r}{appendix.A}% 120
\BOOKMARK [0][-]{appendix.B}{\376\377\000L\000i\000s\000t\000a\000g\000e\000n\000s\000\040\000d\000o\000s\000\040\000M\000\363\000d\000u\000l\000o\000s\000\040\000d\000e\000\040\000S\000i\000m\000u\000l\000a\000\347\000\343\000o\000\040\0002\000D}{}% 121
\BOOKMARK [1][-]{section.B.1}{\376\377\000M\000a\000l\000h\000a\000\040\000e\000\040\000M\000a\000t\000r\000i\000z\000e\000s\000\040\000M\000E\000F}{appendix.B}% 122
\BOOKMARK [1][-]{section.B.2}{\376\377\000G\000e\000o\000m\000e\000t\000r\000i\000a\000s\000\040\000d\000e\000\040\000O\000b\000s\000t\000\341\000c\000u\000l\000o}{appendix.B}% 123
\BOOKMARK [1][-]{section.B.3}{\376\377\000T\000r\000a\000n\000s\000f\000e\000r\000\352\000n\000c\000i\000a\000\040\000d\000e\000\040\000C\000a\000l\000o\000r\000\040\0002\000D}{appendix.B}% 124
\BOOKMARK [1][-]{section.B.4}{\376\377\000E\000s\000c\000o\000a\000m\000e\000n\000t\000o\000\040\000P\000o\000t\000e\000n\000c\000i\000a\000l\000\040\0002\000D}{appendix.B}% 125
\BOOKMARK [1][-]{section.B.5}{\376\377\000N\000a\000v\000i\000e\000r\000-\000S\000t\000o\000k\000e\000s\000\040\0002\000D\000\040\000\050\000V\000o\000r\000t\000i\000c\000i\000d\000a\000d\000e\000-\000C\000o\000r\000r\000e\000n\000t\000e\000\051}{appendix.B}% 126
\BOOKMARK [0][-]{appendix.C}{\376\377\000S\000c\000r\000i\000p\000t\000s\000\040\000d\000e\000\040\000B\000e\000n\000c\000h\000m\000a\000r\000k\000\040\000C\000o\000m\000p\000u\000t\000a\000c\000i\000o\000n\000a\000l}{}% 127
\BOOKMARK [1][-]{section.C.1}{\376\377\000S\000o\000l\000v\000e\000r\000\040\000d\000e\000\040\000C\000o\000n\000d\000u\000\347\000\343\000o\000\040\000P\000e\000r\000m\000a\000n\000e\000n\000t\000e\000\040\0001\000D\000\040\000A\000d\000a\000p\000t\000a\000d\000o}{appendix.C}% 128
\BOOKMARK [1][-]{section.C.2}{\376\377\000S\000o\000l\000v\000e\000r\000\040\000d\000e\000\040\000T\000r\000a\000n\000s\000c\000a\000l\000o\000r\000\040\0002\000D\000\040\000A\000d\000a\000p\000t\000a\000d\000o}{appendix.C}% 129
\BOOKMARK [1][-]{section.C.3}{\376\377\000B\000i\000b\000l\000i\000o\000t\000e\000c\000a\000\040\000A\000u\000x\000i\000l\000i\000a\000r\000\040\000d\000e\000\040\000C\000r\000o\000n\000o\000m\000e\000t\000r\000a\000g\000e\000m}{appendix.C}% 130
\BOOKMARK [1][-]{section.C.4}{\376\377\000R\000u\000n\000n\000e\000r\000\040\000L\000o\000c\000a\000l\000\040\000\050\000C\000P\000y\000t\000h\000o\000n\000\051}{appendix.C}% 131
\BOOKMARK [1][-]{section.C.5}{\376\377\000R\000u\000n\000n\000e\000r\000\040\000n\000o\000\040\000N\000a\000v\000e\000g\000a\000d\000o\000r\000\040\000\050\000P\000y\000S\000c\000r\000i\000p\000t\000\051}{appendix.C}% 132
