This is pdfTeX, Version 3.141592653-2.6-1.40.27 (TeX Live 2025) (preloaded format=pdflatex 2025.12.16)  7 JUN 2026 07:09
entering extended mode
 restricted \write18 enabled.
 %&-line parsing enabled.
**thesis.tex
(./thesis.tex
LaTeX2e <2024-11-01> patch level 2
L3 programming layer <2025-01-18>
(./poli.cls
Document Class: poli 2007/03/01\ v2.0\ Poli Dissertations
(/usr/local/texlive/2025/texmf-dist/tex/latex/base/book.cls
Document Class: book 2024/06/29 v1.4n Standard LaTeX document class
(/usr/local/texlive/2025/texmf-dist/tex/latex/base/bk12.clo
File: bk12.clo 2024/06/29 v1.4n Standard LaTeX file (size option)
)
\c@part=\count196
\c@chapter=\count197
\c@section=\count198
\c@subsection=\count199
\c@subsubsection=\count266
\c@paragraph=\count267
\c@subparagraph=\count268
\c@figure=\count269
\c@table=\count270
\abovecaptionskip=\skip49
\belowcaptionskip=\skip50
\bibindent=\dimen141
)
(/usr/local/texlive/2025/texmf-dist/tex/latex/lastpage/lastpage.sty
Package: lastpage 2025/01/27 v2.1e lastpage: 2.09 or 2e? (HMM)

(/usr/local/texlive/2025/texmf-dist/tex/latex/lastpage/lastpage2e.sty
Package: lastpage2e 2025/01/27 v2.1e Decide which 2e lastpage version to use (H
MM)

(/usr/local/texlive/2025/texmf-dist/tex/latex/lastpage/lastpagemodern.sty
Package: lastpagemodern 2025-01-27 v2.1e Refers to last page's name (HMM; JPG)
\c@lastpagecount=\count271
) 
)) (/usr/local/texlive/2025/texmf-dist/tex/latex/hyperref/hyperref.sty
Package: hyperref 2024-11-05 v7.01l Hypertext links for LaTeX

(/usr/local/texlive/2025/texmf-dist/tex/generic/iftex/iftex.sty
Package: iftex 2024/12/12 v1.0g TeX engine tests
)
(/usr/local/texlive/2025/texmf-dist/tex/latex/graphics/keyval.sty
Package: keyval 2022/05/29 v1.15 key=value parser (DPC)
\KV@toks@=\toks17
)
(/usr/local/texlive/2025/texmf-dist/tex/latex/kvsetkeys/kvsetkeys.sty
Package: kvsetkeys 2022-10-05 v1.19 Key value parser (HO)
)
(/usr/local/texlive/2025/texmf-dist/tex/generic/kvdefinekeys/kvdefinekeys.sty
Package: kvdefinekeys 2019-12-19 v1.6 Define keys (HO)
)
(/usr/local/texlive/2025/texmf-dist/tex/generic/pdfescape/pdfescape.sty
Package: pdfescape 2019/12/09 v1.15 Implements pdfTeX's escape features (HO)

(/usr/local/texlive/2025/texmf-dist/tex/generic/ltxcmds/ltxcmds.sty
Package: ltxcmds 2023-12-04 v1.26 LaTeX kernel commands for general use (HO)
)
(/usr/local/texlive/2025/texmf-dist/tex/generic/pdftexcmds/pdftexcmds.sty
Package: pdftexcmds 2020-06-27 v0.33 Utility functions of pdfTeX for LuaTeX (HO
)

(/usr/local/texlive/2025/texmf-dist/tex/generic/infwarerr/infwarerr.sty
Package: infwarerr 2019/12/03 v1.5 Providing info/warning/error messages (HO)
)
Package pdftexcmds Info: \pdf@primitive is available.
Package pdftexcmds Info: \pdf@ifprimitive is available.
Package pdftexcmds Info: \pdfdraftmode found.
))
(/usr/local/texlive/2025/texmf-dist/tex/latex/hycolor/hycolor.sty
Package: hycolor 2020-01-27 v1.10 Color options for hyperref/bookmark (HO)
)
(/usr/local/texlive/2025/texmf-dist/tex/latex/hyperref/nameref.sty
Package: nameref 2023-11-26 v2.56 Cross-referencing by name of section

(/usr/local/texlive/2025/texmf-dist/tex/latex/refcount/refcount.sty
Package: refcount 2019/12/15 v3.6 Data extraction from label references (HO)
)
(/usr/local/texlive/2025/texmf-dist/tex/generic/gettitlestring/gettitlestring.s
ty
Package: gettitlestring 2019/12/15 v1.6 Cleanup title references (HO)
 (/usr/local/texlive/2025/texmf-dist/tex/latex/kvoptions/kvoptions.sty
Package: kvoptions 2022-06-15 v3.15 Key value format for package options (HO)
))
\c@section@level=\count272
)
(/usr/local/texlive/2025/texmf-dist/tex/latex/etoolbox/etoolbox.sty
Package: etoolbox 2025/02/11 v2.5l e-TeX tools for LaTeX (JAW)
\etb@tempcnta=\count273
)
(/usr/local/texlive/2025/texmf-dist/tex/generic/stringenc/stringenc.sty
Package: stringenc 2019/11/29 v1.12 Convert strings between diff. encodings (HO
)
)
\@linkdim=\dimen142
\Hy@linkcounter=\count274
\Hy@pagecounter=\count275

(/usr/local/texlive/2025/texmf-dist/tex/latex/hyperref/pd1enc.def
File: pd1enc.def 2024-11-05 v7.01l Hyperref: PDFDocEncoding definition (HO)
Now handling font encoding PD1 ...
... no UTF-8 mapping file for font encoding PD1
)
(/usr/local/texlive/2025/texmf-dist/tex/generic/intcalc/intcalc.sty
Package: intcalc 2019/12/15 v1.3 Expandable calculations with integers (HO)
)
\Hy@SavedSpaceFactor=\count276

(/usr/local/texlive/2025/texmf-dist/tex/latex/hyperref/puenc.def
File: puenc.def 2024-11-05 v7.01l Hyperref: PDF Unicode definition (HO)
Now handling font encoding PU ...
... no UTF-8 mapping file for font encoding PU
)
Package hyperref Info: Hyper figures OFF on input line 4157.
Package hyperref Info: Link nesting OFF on input line 4162.
Package hyperref Info: Hyper index ON on input line 4165.
Package hyperref Info: Plain pages OFF on input line 4172.
Package hyperref Info: Backreferencing OFF on input line 4177.
Package hyperref Info: Implicit mode ON; LaTeX internals redefined.
Package hyperref Info: Bookmarks ON on input line 4424.
\c@Hy@tempcnt=\count277

(/usr/local/texlive/2025/texmf-dist/tex/latex/url/url.sty
\Urlmuskip=\muskip17
Package: url 2013/09/16  ver 3.4  Verb mode for urls, etc.
)
LaTeX Info: Redefining \url on input line 4763.
\XeTeXLinkMargin=\dimen143

(/usr/local/texlive/2025/texmf-dist/tex/generic/bitset/bitset.sty
Package: bitset 2019/12/09 v1.3 Handle bit-vector datatype (HO)

(/usr/local/texlive/2025/texmf-dist/tex/generic/bigintcalc/bigintcalc.sty
Package: bigintcalc 2019/12/15 v1.5 Expandable calculations on big integers (HO
)
))
\Fld@menulength=\count278
\Field@Width=\dimen144
\Fld@charsize=\dimen145
Package hyperref Info: Hyper figures OFF on input line 6042.
Package hyperref Info: Link nesting OFF on input line 6047.
Package hyperref Info: Hyper index ON on input line 6050.
Package hyperref Info: backreferencing OFF on input line 6057.
Package hyperref Info: Link coloring OFF on input line 6062.
Package hyperref Info: Link coloring with OCG OFF on input line 6067.
Package hyperref Info: PDF/A mode OFF on input line 6072.

(/usr/local/texlive/2025/texmf-dist/tex/latex/base/atbegshi-ltx.sty
Package: atbegshi-ltx 2021/01/10 v1.0c Emulation of the original atbegshi
package with kernel methods
)
\Hy@abspage=\count279
\c@Item=\count280
\c@Hfootnote=\count281
)
Package hyperref Info: Driver: hpdftex.

(/usr/local/texlive/2025/texmf-dist/tex/latex/hyperref/hpdftex.def
File: hpdftex.def 2024-11-05 v7.01l Hyperref driver for pdfTeX

(/usr/local/texlive/2025/texmf-dist/tex/latex/base/atveryend-ltx.sty
Package: atveryend-ltx 2020/08/19 v1.0a Emulation of the original atveryend pac
kage
with kernel methods
)
\Fld@listcount=\count282
\c@bookmark@seq@number=\count283

(/usr/local/texlive/2025/texmf-dist/tex/latex/rerunfilecheck/rerunfilecheck.sty
Package: rerunfilecheck 2022-07-10 v1.10 Rerun checks for auxiliary files (HO)

(/usr/local/texlive/2025/texmf-dist/tex/generic/uniquecounter/uniquecounter.sty
Package: uniquecounter 2019/12/15 v1.4 Provide unlimited unique counter (HO)
)
Package uniquecounter Info: New unique counter `rerunfilecheck' on input line 2
85.
)
\Hy@SectionHShift=\skip51
) (/usr/local/texlive/2025/texmf-dist/tex/generic/babel/babel.sty
Package: babel 2025/02/14 v25.4 The multilingual framework for pdfLaTeX, LuaLaT
eX and XeLaTeX
\babel@savecnt=\count284
\U@D=\dimen146
\l@unhyphenated=\language90

(/usr/local/texlive/2025/texmf-dist/tex/generic/babel/txtbabel.def)
\bbl@readstream=\read2
\bbl@dirlevel=\count285

(/usr/local/texlive/2025/texmf-dist/tex/generic/babel-english/english.ldf
Language: english 2017/06/06 v3.3r English support from the babel system
Package babel Info: Hyphen rules for 'canadian' set to \l@english
(babel)             (\language0). Reported on input line 102.
Package babel Info: Hyphen rules for 'australian' set to \l@ukenglish
(babel)             (\language22). Reported on input line 105.
Package babel Info: Hyphen rules for 'newzealand' set to \l@ukenglish
(babel)             (\language22). Reported on input line 108.
)
(/usr/local/texlive/2025/texmf-dist/tex/generic/babel-portuges/brazil.ldf
Language: portuges 2021/07/09 v1.2t Portuguese support from the babel system
Package babel Info: Hyphen rules for 'brazil' set to \l@portuguese
(babel)             (\language72). Reported on input line 111.
Package babel Info: Making " an active character on input line 143.
))
(/usr/local/texlive/2025/texmf-dist/tex/generic/babel/locale/en/babel-english.t
ex
Package babel Info: Importing font and identification data for english
(babel)             from babel-en.ini. Reported on input line 11.
) (/usr/local/texlive/2025/texmf-dist/tex/latex/hyphenat/hyphenat.sty
Package: hyphenat 2009/09/02 v2.3c hyphenation utilities
\langwohyphens=\language91
LaTeX Info: Redefining \_ on input line 43.
)
(/usr/local/texlive/2025/texmf-dist/tex/latex/base/ifthen.sty
Package: ifthen 2024/03/16 v1.1e Standard LaTeX ifthen package (DPC)
)
(/usr/local/texlive/2025/texmf-dist/tex/latex/graphics/graphicx.sty
Package: graphicx 2021/09/16 v1.2d Enhanced LaTeX Graphics (DPC,SPQR)

(/usr/local/texlive/2025/texmf-dist/tex/latex/graphics/graphics.sty
Package: graphics 2024/08/06 v1.4g Standard LaTeX Graphics (DPC,SPQR)

(/usr/local/texlive/2025/texmf-dist/tex/latex/graphics/trig.sty
Package: trig 2023/12/02 v1.11 sin cos tan (DPC)
)
(/usr/local/texlive/2025/texmf-dist/tex/latex/graphics-cfg/graphics.cfg
File: graphics.cfg 2016/06/04 v1.11 sample graphics configuration
)
Package graphics Info: Driver file: pdftex.def on input line 106.

(/usr/local/texlive/2025/texmf-dist/tex/latex/graphics-def/pdftex.def
File: pdftex.def 2024/04/13 v1.2c Graphics/color driver for pdftex
))
\Gin@req@height=\dimen147
\Gin@req@width=\dimen148
)
(/usr/local/texlive/2025/texmf-dist/tex/latex/tools/tabularx.sty
Package: tabularx 2023/12/11 v2.12a `tabularx' package (DPC)

(/usr/local/texlive/2025/texmf-dist/tex/latex/tools/array.sty
Package: array 2024/10/17 v2.6g Tabular extension package (FMi)
\col@sep=\dimen149
\ar@mcellbox=\box52
\extrarowheight=\dimen150
\NC@list=\toks18
\extratabsurround=\skip52
\backup@length=\skip53
\ar@cellbox=\box53
)
\TX@col@width=\dimen151
\TX@old@table=\dimen152
\TX@old@col=\dimen153
\TX@target=\dimen154
\TX@delta=\dimen155
\TX@cols=\count286
\TX@ftn=\toks19
)
(/usr/local/texlive/2025/texmf-dist/tex/latex/eqparbox/eqparbox.sty
Package: eqparbox 2017/09/03 v4.1 Create equal-widthed boxes
\eqp@tempdima=\skip54
\eqp@tempdimb=\skip55
\eqp@tabular@box=\box54
\eqp@list@box=\box55
\eqp@list@indent=\skip56

(/usr/local/texlive/2025/texmf-dist/tex/latex/environ/environ.sty
Package: environ 2014/05/04 v0.3 A new way to define environments

(/usr/local/texlive/2025/texmf-dist/tex/latex/trimspaces/trimspaces.sty
Package: trimspaces 2009/09/17 v1.1 Trim spaces around a token list
)
\@envbody=\toks20
))
(/usr/local/texlive/2025/texmf-dist/tex/latex/geometry/geometry.sty
Package: geometry 2020/01/02 v5.9 Page Geometry

(/usr/local/texlive/2025/texmf-dist/tex/generic/iftex/ifvtex.sty
Package: ifvtex 2019/10/25 v1.7 ifvtex legacy package. Use iftex instead.
)
\Gm@cnth=\count287
\Gm@cntv=\count288
\c@Gm@tempcnt=\count289
\Gm@bindingoffset=\dimen156
\Gm@wd@mp=\dimen157
\Gm@odd@mp=\dimen158
\Gm@even@mp=\dimen159
\Gm@layoutwidth=\dimen160
\Gm@layoutheight=\dimen161
\Gm@layouthoffset=\dimen162
\Gm@layoutvoffset=\dimen163
\Gm@dimlist=\toks21
)
\c@minexaminers=\count290
\@examiner=\count291
\c@keywords=\count292
\bibindent=\dimen164
)
(/usr/local/texlive/2025/texmf-dist/tex/latex/base/inputenc.sty
Package: inputenc 2024/02/08 v1.3d Input encoding file
\inpenc@prehook=\toks22
\inpenc@posthook=\toks23
)
(/usr/local/texlive/2025/texmf-dist/tex/latex/amsmath/amsmath.sty
Package: amsmath 2024/11/05 v2.17t AMS math features
\@mathmargin=\skip57

For additional information on amsmath, use the `?' option.
(/usr/local/texlive/2025/texmf-dist/tex/latex/amsmath/amstext.sty
Package: amstext 2021/08/26 v2.01 AMS text

(/usr/local/texlive/2025/texmf-dist/tex/latex/amsmath/amsgen.sty
File: amsgen.sty 1999/11/30 v2.0 generic functions
\@emptytoks=\toks24
\ex@=\dimen165
))
(/usr/local/texlive/2025/texmf-dist/tex/latex/amsmath/amsbsy.sty
Package: amsbsy 1999/11/29 v1.2d Bold Symbols
\pmbraise@=\dimen166
)
(/usr/local/texlive/2025/texmf-dist/tex/latex/amsmath/amsopn.sty
Package: amsopn 2022/04/08 v2.04 operator names
)
\inf@bad=\count293
LaTeX Info: Redefining \frac on input line 233.
\uproot@=\count294
\leftroot@=\count295
LaTeX Info: Redefining \overline on input line 398.
LaTeX Info: Redefining \colon on input line 409.
\classnum@=\count296
\DOTSCASE@=\count297
LaTeX Info: Redefining \ldots on input line 495.
LaTeX Info: Redefining \dots on input line 498.
LaTeX Info: Redefining \cdots on input line 619.
\Mathstrutbox@=\box56
\strutbox@=\box57
LaTeX Info: Redefining \big on input line 721.
LaTeX Info: Redefining \Big on input line 722.
LaTeX Info: Redefining \bigg on input line 723.
LaTeX Info: Redefining \Bigg on input line 724.
\big@size=\dimen167
LaTeX Font Info:    Redeclaring font encoding OML on input line 742.
LaTeX Font Info:    Redeclaring font encoding OMS on input line 743.
\macc@depth=\count298
LaTeX Info: Redefining \bmod on input line 904.
LaTeX Info: Redefining \pmod on input line 909.
LaTeX Info: Redefining \smash on input line 939.
LaTeX Info: Redefining \relbar on input line 969.
LaTeX Info: Redefining \Relbar on input line 970.
\c@MaxMatrixCols=\count299
\dotsspace@=\muskip18
\c@parentequation=\count300
\dspbrk@lvl=\count301
\tag@help=\toks25
\row@=\count302
\column@=\count303
\maxfields@=\count304
\andhelp@=\toks26
\eqnshift@=\dimen168
\alignsep@=\dimen169
\tagshift@=\dimen170
\tagwidth@=\dimen171
\totwidth@=\dimen172
\lineht@=\dimen173
\@envbody=\toks27
\multlinegap=\skip58
\multlinetaggap=\skip59
\mathdisplay@stack=\toks28
LaTeX Info: Redefining \[ on input line 2953.
LaTeX Info: Redefining \] on input line 2954.
)
(/usr/local/texlive/2025/texmf-dist/tex/latex/amsfonts/amssymb.sty
Package: amssymb 2013/01/14 v3.01 AMS font symbols

(/usr/local/texlive/2025/texmf-dist/tex/latex/amsfonts/amsfonts.sty
Package: amsfonts 2013/01/14 v3.01 Basic AMSFonts support
\symAMSa=\mathgroup4
\symAMSb=\mathgroup5
LaTeX Font Info:    Redeclaring math symbol \hbar on input line 98.
LaTeX Font Info:    Overwriting math alphabet `\mathfrak' in version `bold'
(Font)                  U/euf/m/n --> U/euf/b/n on input line 106.
))
(/usr/local/texlive/2025/texmf-dist/tex/latex/tools/indentfirst.sty
Package: indentfirst 2023/07/02 v1.03 Indent first paragraph (DPC)
)
(/usr/local/texlive/2025/texmf-dist/tex/latex/appendix/appendix.sty
Package: appendix 2020/02/08 v1.2c extra appendix facilities
\c@@pps=\count305
\c@@ppsavesec=\count306
\c@@ppsaveapp=\count307
)
(/usr/local/texlive/2025/texmf-dist/tex/latex/listings/listings.sty
\lst@mode=\count308
\lst@gtempboxa=\box58
\lst@token=\toks29
\lst@length=\count309
\lst@currlwidth=\dimen174
\lst@column=\count310
\lst@pos=\count311
\lst@lostspace=\dimen175
\lst@width=\dimen176
\lst@newlines=\count312
\lst@lineno=\count313
\lst@maxwidth=\dimen177

(/usr/local/texlive/2025/texmf-dist/tex/latex/listings/lstpatch.sty
File: lstpatch.sty 2024/09/23 1.10c (Carsten Heinz)
)
(/usr/local/texlive/2025/texmf-dist/tex/latex/listings/lstmisc.sty
File: lstmisc.sty 2024/09/23 1.10c (Carsten Heinz)
\c@lstnumber=\count314
\lst@skipnumbers=\count315
\lst@framebox=\box59
)
(/usr/local/texlive/2025/texmf-dist/tex/latex/listings/listings.cfg
File: listings.cfg 2024/09/23 1.10c listings configuration
))
Package: listings 2024/09/23 1.10c (Carsten Heinz)

(/usr/local/texlive/2025/texmf-dist/tex/latex/xcolor/xcolor.sty
Package: xcolor 2024/09/29 v3.02 LaTeX color extensions (UK)

(/usr/local/texlive/2025/texmf-dist/tex/latex/graphics-cfg/color.cfg
File: color.cfg 2016/01/02 v1.6 sample color configuration
)
Package xcolor Info: Driver file: pdftex.def on input line 274.

(/usr/local/texlive/2025/texmf-dist/tex/latex/graphics/mathcolor.ltx)
Package xcolor Info: Model `cmy' substituted by `cmy0' on input line 1349.
Package xcolor Info: Model `hsb' substituted by `rgb' on input line 1353.
Package xcolor Info: Model `RGB' extended on input line 1365.
Package xcolor Info: Model `HTML' substituted by `rgb' on input line 1367.
Package xcolor Info: Model `Hsb' substituted by `hsb' on input line 1368.
Package xcolor Info: Model `tHsb' substituted by `hsb' on input line 1369.
Package xcolor Info: Model `HSB' substituted by `hsb' on input line 1370.
Package xcolor Info: Model `Gray' substituted by `gray' on input line 1371.
Package xcolor Info: Model `wave' substituted by `hsb' on input line 1372.
)
(/usr/local/texlive/2025/texmf-dist/tex/latex/colortbl/colortbl.sty
Package: colortbl 2024/07/06 v1.0i Color table columns (DPC)
\everycr=\toks30
\minrowclearance=\skip60
\rownum=\count316
)
(/usr/local/texlive/2025/texmf-dist/tex/latex/caption/subcaption.sty
Package: subcaption 2023/07/28 v1.6b Sub-captions (AR)

(/usr/local/texlive/2025/texmf-dist/tex/latex/caption/caption.sty
Package: caption 2023/08/05 v3.6o Customizing captions (AR)

(/usr/local/texlive/2025/texmf-dist/tex/latex/caption/caption3.sty
Package: caption3 2023/07/31 v2.4d caption3 kernel (AR)
\caption@tempdima=\dimen178
\captionmargin=\dimen179
\caption@leftmargin=\dimen180
\caption@rightmargin=\dimen181
\caption@width=\dimen182
\caption@indent=\dimen183
\caption@parindent=\dimen184
\caption@hangindent=\dimen185
Package caption Info: Standard document class detected.
)
\c@caption@flags=\count317
\c@continuedfloat=\count318
Package caption Info: hyperref package is loaded.
Package caption Info: listings package is loaded.
)
Package caption Info: New subtype `subfigure' on input line 238.
\c@subfigure=\count319
Package caption Info: New subtype `subtable' on input line 238.
\c@subtable=\count320
)
(/usr/local/texlive/2025/texmf-dist/tex/latex/float/float.sty
Package: float 2001/11/08 v1.3d Float enhancements (AL)
\c@float@type=\count321
\float@exts=\toks31
\float@box=\box60
\@float@everytoks=\toks32
\@floatcapt=\box61
)
(/usr/local/texlive/2025/texmf-dist/tex/latex/tools/longtable.sty
Package: longtable 2024-10-27 v4.22 Multi-page Table package (DPC)
\LTleft=\skip61
\LTright=\skip62
\LTpre=\skip63
\LTpost=\skip64
\LTchunksize=\count322
\LTcapwidth=\dimen186
\LT@head=\box62
\LT@firsthead=\box63
\LT@foot=\box64
\LT@lastfoot=\box65
\LT@gbox=\box66
\LT@cols=\count323
\LT@rows=\count324
\c@LT@tables=\count325
\c@LT@chunks=\count326
\LT@p@ftn=\toks33
)
(/usr/local/texlive/2025/texmf-dist/tex/latex/listings/lstlang1.sty
File: lstlang1.sty 2024/09/23 1.10c listings language file
)
\@losfile=\write3
\openout3 = `thesis.syx'.


Writing index of symbols file thesis.syx
\@labfile=\write4
\openout4 = `thesis.abx'.

Writing index of abbreviations file thesis.abx
(/usr/local/texlive/2025/texmf-dist/tex/latex/l3backend/l3backend-pdftex.def
File: l3backend-pdftex.def 2024-05-08 L3 backend support: PDF output (pdfTeX)
\l__color_backend_stack_int=\count327
\l__pdf_internal_box=\box67
)
(./thesis.aux (./Pre-textual/dedic.aux) (./Pre-textual/thanks.aux)
(./Pre-textual/resumo.aux) (./Pre-textual/abstract.aux)
(./Textual/introducao.aux) (./Textual/revisao_bibliografica.aux)
(./Textual/fundamentacao_teorica.aux) (./Textual/resultados.aux)
(./Textual/arquitetura.aux) (./Textual/conclusao.aux)
(./Pos-textual/apendice_modulos_1d.aux) (./Pos-textual/apendice_modulos_2d.aux)
(./Pos-textual/apendice_benchmark.aux))
\openout1 = `thesis.aux'.

LaTeX Font Info:    Checking defaults for OML/cmm/m/it on input line 113.
LaTeX Font Info:    ... okay on input line 113.
LaTeX Font Info:    Checking defaults for OMS/cmsy/m/n on input line 113.
LaTeX Font Info:    ... okay on input line 113.
LaTeX Font Info:    Checking defaults for OT1/cmr/m/n on input line 113.
LaTeX Font Info:    ... okay on input line 113.
LaTeX Font Info:    Checking defaults for T1/cmr/m/n on input line 113.
LaTeX Font Info:    ... okay on input line 113.
LaTeX Font Info:    Checking defaults for TS1/cmr/m/n on input line 113.
LaTeX Font Info:    ... okay on input line 113.
LaTeX Font Info:    Checking defaults for OMX/cmex/m/n on input line 113.
LaTeX Font Info:    ... okay on input line 113.
LaTeX Font Info:    Checking defaults for U/cmr/m/n on input line 113.
LaTeX Font Info:    ... okay on input line 113.
LaTeX Font Info:    Checking defaults for PD1/pdf/m/n on input line 113.
LaTeX Font Info:    ... okay on input line 113.
LaTeX Font Info:    Checking defaults for PU/pdf/m/n on input line 113.
LaTeX Font Info:    ... okay on input line 113.
Package hyperref Info: Link coloring OFF on input line 113.
 (./thesis.out) (./thesis.out)
\@outlinefile=\write5
\openout5 = `thesis.out'.


(/usr/local/texlive/2025/texmf-dist/tex/context/base/mkii/supp-pdf.mkii
[Loading MPS to PDF converter (version 2006.09.02).]
\scratchcounter=\count328
\scratchdimen=\dimen187
\scratchbox=\box68
\nofMPsegments=\count329
\nofMParguments=\count330
\everyMPshowfont=\toks34
\MPscratchCnt=\count331
\MPscratchDim=\dimen188
\MPnumerator=\count332
\makeMPintoPDFobject=\count333
\everyMPtoPDFconversion=\toks35
) (/usr/local/texlive/2025/texmf-dist/tex/latex/epstopdf-pkg/epstopdf-base.sty
Package: epstopdf-base 2020-01-24 v2.11 Base part for package epstopdf
Package epstopdf-base Info: Redefining graphics rule for `.eps' on input line 4
85.

(/usr/local/texlive/2025/texmf-dist/tex/latex/latexconfig/epstopdf-sys.cfg
File: epstopdf-sys.cfg 2010/07/13 v1.3 Configuration of (r)epstopdf for TeX Liv
e
))
*geometry* detected driver: pdftex
*geometry* verbose mode - [ preamble ] result:
* driver: pdftex
* paper: a4paper
* layout: <same size as paper>
* layoutoffset:(h,v)=(0.0pt,0.0pt)
* vratio: 1:1
* modes: 
* h-part:(L,W,R)=(85.35826pt, 426.79135pt, 85.35826pt)
* v-part:(T,H,B)=(71.13188pt, 702.78308pt, 71.13188pt)
* \paperwidth=597.50787pt
* \paperheight=845.04684pt
* \textwidth=426.79135pt
* \textheight=702.78308pt
* \oddsidemargin=13.08827pt
* \evensidemargin=13.08827pt
* \topmargin=-33.0119pt
* \headheight=12.0pt
* \headsep=19.8738pt
* \topskip=12.0pt
* \footskip=30.0pt
* \marginparwidth=38.0pt
* \marginparsep=7.0pt
* \columnsep=10.0pt
* \skip\footins=10.8pt plus 4.0pt minus 2.0pt
* \hoffset=0.0pt
* \voffset=0.0pt
* \mag=1000
* \@twocolumnfalse
* \@twosidefalse
* \@mparswitchfalse
* \@reversemarginfalse
* (1in=72.27pt=25.4mm, 1cm=28.453pt)

\c@lstlisting=\count334
Package caption Info: Begin \AtBeginDocument code.
Package caption Info: float package is loaded.
Package caption Info: longtable package is loaded.
(/usr/local/texlive/2025/texmf-dist/tex/latex/caption/ltcaption.sty
Package: ltcaption 2021/01/08 v1.4c longtable captions (AR)
)
Package caption Info: End \AtBeginDocument code.
<Logo_poli.jpg, id=534, 168.1482pt x 176.3388pt>
File: Logo_poli.jpg Graphic file (type jpg)
<use Logo_poli.jpg>
Package pdftex.def Info: Logo_poli.jpg  used on input line 127.
(pdftex.def)             Requested size: 168.14777pt x 176.33836pt.
LaTeX Font Info:    Trying to load font information for U+msa on input line 127
.

(/usr/local/texlive/2025/texmf-dist/tex/latex/amsfonts/umsa.fd
File: umsa.fd 2013/01/14 v3.01 AMS symbols A
)
LaTeX Font Info:    Trying to load font information for U+msb on input line 127
.

(/usr/local/texlive/2025/texmf-dist/tex/latex/amsfonts/umsb.fd
File: umsb.fd 2013/01/14 v3.01 AMS symbols B
)

[1


{/usr/local/texlive/2025/texmf-var/fonts/map/pdftex/updmap/pdftex.map} <./Logo_
poli.jpg>]
<Logo_mec.jpg, id=543, 127.97812pt x 115.93312pt>
File: Logo_mec.jpg Graphic file (type jpg)
<use Logo_mec.jpg>
Package pdftex.def Info: Logo_mec.jpg  used on input line 129.
(pdftex.def)             Requested size: 55.48495pt x 50.26244pt.
File: Logo_poli.jpg Graphic file (type jpg)
<use Logo_poli.jpg>
Package pdftex.def Info: Logo_poli.jpg  used on input line 129.
(pdftex.def)             Requested size: 55.48495pt x 58.1866pt.

Overfull \hbox (25.61293pt too wide) in paragraph at lines 129--129
 [][][] 
 []


Underfull \hbox (badness 10000) in paragraph at lines 129--129
\OT1/cmr/m/n/12 DE ENGENHARIA MEC[]ANICA DA ESCOLA POLIT[]ECNICA DA
 []


Underfull \hbox (badness 10000) in paragraph at lines 129--129
\OT1/cmr/m/n/12 UNIVERSIDADE FEDERAL DO RIO DE JANEIRO COMO PARTE
 []



[2

 <./Logo_mec.jpg>]

[3

]
\openout2 = `Pre-textual/dedic.aux'.

 (./Pre-textual/dedic.tex)

[4


]
\openout2 = `Pre-textual/thanks.aux'.

 (./Pre-textual/thanks.tex)

[5




]
\openout2 = `Pre-textual/resumo.aux'.

 (./Pre-textual/resumo.tex)

[6




]
\openout2 = `Pre-textual/abstract.aux'.

 (./Pre-textual/abstract.tex)

[7




] (./thesis.toc

[8



]

[9]

[10]

[11])
\tf@toc=\write6
\openout6 = `thesis.toc'.



[12] (./thesis.lof

[13

{/usr/local/texlive/2025/texmf-dist/fonts/enc/dvips/cm-super/cm-super-ts1.enc}]


[14]

[15])
\tf@lof=\write7
\openout7 = `thesis.lof'.



[16] (./thesis.lot)
\tf@lot=\write8
\openout8 = `thesis.lot'.

 (./thesis.lab

[17

])

[18

]
\openout2 = `Textual/introducao.aux'.

 (./Textual/introducao.tex
Cap\'{\i }tulo 1.


[1



]

[2]

[3])

[4]
\openout2 = `Textual/revisao_bibliografica.aux'.

 (./Textual/revisao_bibliografica.tex
Cap\'{\i }tulo 2.


[5




]

[6]
Underfull \hbox (badness 10000) in paragraph at lines 32--32
[]\OT1/cmr/bx/n/17.28 Bases Hist^^Soricas e Con-so-lida^^Xc~ao do
 []



[7]

[8]

[9]

[10])

[11]
\openout2 = `Textual/fundamentacao_teorica.aux'.

 (./Textual/fundamentacao_teorica.tex
Cap\'{\i }tulo 3.


[12




]

[13]

[14]

[15]

[16]

[17]

[18]

[19]

[20]

[21]

[22]

Package hyperref Warning: Token not allowed in a PDF string (Unicode):
(hyperref)                removing `math shift' on input line 374.


Package hyperref Warning: Token not allowed in a PDF string (Unicode):
(hyperref)                removing `\theta' on input line 374.


Package hyperref Warning: Token not allowed in a PDF string (Unicode):
(hyperref)                removing `math shift' on input line 374.



[23]

[24])

[25]
\openout2 = `Textual/resultados.aux'.

 (./Textual/resultados.tex
Cap\'{\i }tulo 4.


[26




]

[27]

[28]
<Imagens/prints/fig_val_conducao1d_resultado.png, id=1293, 570.933pt x 354.123p
t>
File: Imagens/prints/fig_val_conducao1d_resultado.png Graphic file (type png)
<use Imagens/prints/fig_val_conducao1d_resultado.png>
Package pdftex.def Info: Imagens/prints/fig_val_conducao1d_resultado.png  used 
on input line 98.
(pdftex.def)             Requested size: 405.45047pt x 251.48851pt.


[29 <./Imagens/prints/fig_val_conducao1d_resultado.png>]

Package hyperref Warning: Token not allowed in a PDF string (Unicode):
(hyperref)                removing `math shift' on input line 121.


Package hyperref Warning: Token not allowed in a PDF string (Unicode):
(hyperref)                removing `math shift' on input line 121.



[30]
Underfull \hbox (badness 1688) in paragraph at lines 173--174
[]\OT1/cmr/m/n/12 No li-mite $\OML/cmm/m/it/12 t \OMS/cmsy/m/n/12 ! 1$\OT1/cmr/
m/n/12 , o termo tran-si-ente se anula e a solu^^Xc~ao sa-tis-faz
 []



[31]
<Imagens/prints/fig_val_calor_transiente1d_evolucao.png, id=1317, 1003.75pt x 6
02.25pt>
File: Imagens/prints/fig_val_calor_transiente1d_evolucao.png Graphic file (type
 png)
<use Imagens/prints/fig_val_calor_transiente1d_evolucao.png>
Package pdftex.def Info: Imagens/prints/fig_val_calor_transiente1d_evolucao.png
  used on input line 202.
(pdftex.def)             Requested size: 384.1096pt x 230.46555pt.


[32]

[33 <./Imagens/prints/fig_val_calor_transiente1d_evolucao.png>]
Underfull \hbox (badness 4328) in paragraph at lines 217--217
[]\OT1/cmr/bx/n/17.28 Convec^^Xc~ao-Difus~ao 1D com Es-ta-bi-liza^^Xc~ao
 []



[34]

[35]
<Imagens/prints/fig_val_convdif1d_supg.png, id=1348, 1505.625pt x 1204.5pt>
File: Imagens/prints/fig_val_convdif1d_supg.png Graphic file (type png)
<use Imagens/prints/fig_val_convdif1d_supg.png>
Package pdftex.def Info: Imagens/prints/fig_val_convdif1d_supg.png  used on inp
ut line 286.
(pdftex.def)             Requested size: 362.77525pt x 290.22542pt.
<Imagens/prints/fig_val_convdif1d_galerkin.png, id=1349, 1505.625pt x 1204.5pt>

File: Imagens/prints/fig_val_convdif1d_galerkin.png Graphic file (type png)
<use Imagens/prints/fig_val_convdif1d_galerkin.png>
Package pdftex.def Info: Imagens/prints/fig_val_convdif1d_galerkin.png  used on
 input line 293.
(pdftex.def)             Requested size: 362.77525pt x 290.22542pt.


[36 <./Imagens/prints/fig_val_convdif1d_supg.png>]

[37 <./Imagens/prints/fig_val_convdif1d_galerkin.png>]

[38]

[39]
<Imagens/prints/fig_val_viga1d_resultado.png, id=1385, 1790.69pt x 2693.06125pt
>
File: Imagens/prints/fig_val_viga1d_resultado.png Graphic file (type png)
<use Imagens/prints/fig_val_viga1d_resultado.png>
Package pdftex.def Info: Imagens/prints/fig_val_viga1d_resultado.png  used on i
nput line 370.
(pdftex.def)             Requested size: 320.0935pt x 481.4016pt.


[40]

[41 <./Imagens/prints/fig_val_viga1d_resultado.png>]

[42]
<Imagens/prints/fig_val_vibracao1d_modos.png, id=1407, 1890.06125pt x 2787.4137
6pt>
File: Imagens/prints/fig_val_vibracao1d_modos.png Graphic file (type png)
<use Imagens/prints/fig_val_vibracao1d_modos.png>
Package pdftex.def Info: Imagens/prints/fig_val_vibracao1d_modos.png  used on i
nput line 451.
(pdftex.def)             Requested size: 298.75264pt x 440.59369pt.


[43]

[44 <./Imagens/prints/fig_val_vibracao1d_modos.png>]

[45]

[46]
<Imagens/prints/fig_val_transcalor2d_campo.png, id=1433, 602.25pt x 501.875pt>
File: Imagens/prints/fig_val_transcalor2d_campo.png Graphic file (type png)
<use Imagens/prints/fig_val_transcalor2d_campo.png>
Package pdftex.def Info: Imagens/prints/fig_val_transcalor2d_campo.png  used on
 input line 559.
(pdftex.def)             Requested size: 320.0935pt x 266.75061pt.


[47]

[48 <./Imagens/prints/fig_val_transcalor2d_campo.png>]

[49]
Underfull \hbox (badness 1515) in paragraph at lines 594--595
[]\OT1/cmr/bx/n/12 superf^^S^^Pcie do ci-lin-dro\OT1/cmr/m/n/12 : $\OML/cmm/m/i
t/12  $ \OT1/cmr/m/n/12 cons-tante (pa-rede des-li-zante, corpo n~ao-
 []



[50]
<Imagens/prints/fig_val_potencial2d_linhas.png, id=1459, 714.7503pt x 860.013pt
>
File: Imagens/prints/fig_val_potencial2d_linhas.png Graphic file (type png)
<use Imagens/prints/fig_val_potencial2d_linhas.png>
Package pdftex.def Info: Imagens/prints/fig_val_potencial2d_linhas.png  used on
 input line 636.
(pdftex.def)             Requested size: 298.75264pt x 359.48392pt.


[51]

[52 <./Imagens/prints/fig_val_potencial2d_linhas.png>]
Underfull \hbox (badness 3407) in paragraph at lines 671--672
 []\OT1/cmr/bx/n/12 Nota so-bre o pa-ra-doxo de d'Alembert.[] \OT1/cmr/m/n/12 A
 in-te-gra^^Xc~ao num^^Serica de
 []



[53]

[54]

[55]
<Imagens/prints/fig_val_ns2d_cavity_re100.png, id=1501, 360.6273pt x 860.013pt>

File: Imagens/prints/fig_val_ns2d_cavity_re100.png Graphic file (type png)
<use Imagens/prints/fig_val_ns2d_cavity_re100.png>
Package pdftex.def Info: Imagens/prints/fig_val_ns2d_cavity_re100.png  used on 
input line 731.
(pdftex.def)             Requested size: 229.86522pt x 548.16994pt.


LaTeX Warning: Float too large for page by 29.38684pt on input line 734.

<Imagens/prints/fig_val_ns_ghia_uy.png, id=1504, 498.1812pt x 426.393pt>
File: Imagens/prints/fig_val_ns_ghia_uy.png Graphic file (type png)
<use Imagens/prints/fig_val_ns_ghia_uy.png>
Package pdftex.def Info: Imagens/prints/fig_val_ns_ghia_uy.png  used on input l
ine 738.
(pdftex.def)             Requested size: 320.0935pt x 273.97713pt.
)

[56]

[57 <./Imagens/prints/fig_val_ns2d_cavity_re100.png>]

[58 <./Imagens/prints/fig_val_ns_ghia_uy.png>]
\openout2 = `Textual/arquitetura.aux'.

 (./Textual/arquitetura.tex
Cap\'{\i }tulo 5.

Underfull \hbox (badness 1163) in paragraph at lines 4--5
 [][] \OT1/cmr/m/n/12 Os m^^Sodulos com-pu-ta-ci-o-nais apre-sen-ta-dos neste c
ap^^S^^Ptulo cons-ti-tuem im-ple-
 []



[59




]
<Imagens/prints/fig_minervamesh_home.png, id=1536, 1630.09pt x 1064.97874pt>
File: Imagens/prints/fig_minervamesh_home.png Graphic file (type png)
<use Imagens/prints/fig_minervamesh_home.png>
Package pdftex.def Info: Imagens/prints/fig_minervamesh_home.png  used on input
 line 25.
(pdftex.def)             Requested size: 384.1096pt x 250.9363pt.


[60 <./Imagens/prints/fig_minervamesh_home.png>]

[61]
Overfull \hbox (9.23509pt too wide) in paragraph at lines 70--81
 [][] 
 []



[62]

[63]
<Imagens/benchmark_scaling.pdf, id=1580, 715.08139pt x 276.65408pt>
File: Imagens/benchmark_scaling.pdf Graphic file (type pdf)
<use Imagens/benchmark_scaling.pdf>
Package pdftex.def Info: Imagens/benchmark_scaling.pdf  used on input line 115.

(pdftex.def)             Requested size: 426.79135pt x 165.11989pt.


[64 <./Imagens/benchmark_scaling.pdf>]

[65]

[66]
<Imagens/prints/fig_interface_parametros.png, id=1676, 1630.09pt x 1064.97874pt
>
File: Imagens/prints/fig_interface_parametros.png Graphic file (type png)
<use Imagens/prints/fig_interface_parametros.png>
Package pdftex.def Info: Imagens/prints/fig_interface_parametros.png  used on i
nput line 172.
(pdftex.def)             Requested size: 384.1096pt x 250.9363pt.


[67 <./Imagens/prints/fig_interface_parametros.png>]
<Imagens/prints/fig_conducao1d_resultado.png, id=1692, 1630.09pt x 1064.97874pt
>
File: Imagens/prints/fig_conducao1d_resultado.png Graphic file (type png)
<use Imagens/prints/fig_conducao1d_resultado.png>
Package pdftex.def Info: Imagens/prints/fig_conducao1d_resultado.png  used on i
nput line 199.
(pdftex.def)             Requested size: 362.77525pt x 237.00984pt.


Package hyperref Warning: Token not allowed in a PDF string (Unicode):
(hyperref)                removing `math shift' on input line 204.


Package hyperref Warning: Token not allowed in a PDF string (Unicode):
(hyperref)                removing `math shift' on input line 204.



[68 <./Imagens/prints/fig_conducao1d_resultado.png>]
<Imagens/prints/fig_calor_transiente1d_evolucao.png, id=1707, 1630.09pt x 1064.
97874pt>
File: Imagens/prints/fig_calor_transiente1d_evolucao.png Graphic file (type png
)
<use Imagens/prints/fig_calor_transiente1d_evolucao.png>
Package pdftex.def Info: Imagens/prints/fig_calor_transiente1d_evolucao.png  us
ed on input line 219.
(pdftex.def)             Requested size: 362.77525pt x 237.00984pt.


[69 <./Imagens/prints/fig_calor_transiente1d_evolucao.png>]
LaTeX Font Info:    Font shape `OT1/cmtt/bx/n' in size <10> not available
(Font)              Font shape `OT1/cmtt/m/n' tried instead on input line 232.
<Imagens/prints/fig_convdif1d_com_supg.png, id=1721, 1630.09pt x 1064.97874pt>
File: Imagens/prints/fig_convdif1d_com_supg.png Graphic file (type png)
<use Imagens/prints/fig_convdif1d_com_supg.png>
Package pdftex.def Info: Imagens/prints/fig_convdif1d_com_supg.png  used on inp
ut line 240.
(pdftex.def)             Requested size: 362.77525pt x 237.00984pt.


[70 <./Imagens/prints/fig_convdif1d_com_supg.png>]
<Imagens/prints/fig_viga1d_resultado.png, id=1735, 1042.89626pt x 1064.97874pt>

File: Imagens/prints/fig_viga1d_resultado.png Graphic file (type png)
<use Imagens/prints/fig_viga1d_resultado.png>
Package pdftex.def Info: Imagens/prints/fig_viga1d_resultado.png  used on input
 line 264.
(pdftex.def)             Requested size: 362.77525pt x 370.45686pt.


[71 <./Imagens/prints/fig_viga1d_resultado.png>]
<Imagens/prints/fig_vibracao1d_modos.png, id=1754, 1213.53375pt x 1064.97874pt>

File: Imagens/prints/fig_vibracao1d_modos.png Graphic file (type png)
<use Imagens/prints/fig_vibracao1d_modos.png>
Package pdftex.def Info: Imagens/prints/fig_vibracao1d_modos.png  used on input
 line 284.
(pdftex.def)             Requested size: 362.77525pt x 318.35857pt.


[72]

[73 <./Imagens/prints/fig_vibracao1d_modos.png>]
<Imagens/prints/fig_transcalor2d_campo.png, id=1786, 1630.09pt x 1064.97874pt>
File: Imagens/prints/fig_transcalor2d_campo.png Graphic file (type png)
<use Imagens/prints/fig_transcalor2d_campo.png>
Package pdftex.def Info: Imagens/prints/fig_transcalor2d_campo.png  used on inp
ut line 310.
(pdftex.def)             Requested size: 320.0935pt x 209.12442pt.


[74 <./Imagens/prints/fig_transcalor2d_campo.png>]
<Imagens/prints/fig_potencial2d_linhas.png, id=1797, 1630.09pt x 1064.97874pt>
File: Imagens/prints/fig_potencial2d_linhas.png Graphic file (type png)
<use Imagens/prints/fig_potencial2d_linhas.png>
Package pdftex.def Info: Imagens/prints/fig_potencial2d_linhas.png  used on inp
ut line 331.
(pdftex.def)             Requested size: 362.77525pt x 237.00984pt.


[75 <./Imagens/prints/fig_potencial2d_linhas.png>]
<Imagens/prints/fig_ns2d_cavity_re100.png, id=1817, 587.5551pt x 860.013pt>
File: Imagens/prints/fig_ns2d_cavity_re100.png Graphic file (type png)
<use Imagens/prints/fig_ns2d_cavity_re100.png>
Package pdftex.def Info: Imagens/prints/fig_ns2d_cavity_re100.png  used on inpu
t line 353.
(pdftex.def)             Requested size: 362.77525pt x 531.01105pt.


[76]

[77 <./Imagens/prints/fig_ns2d_cavity_re100.png>]

[78]

[79]

[80])

[81]

[82]
\openout2 = `Textual/conclusao.aux'.

 (./Textual/conclusao.tex
Cap\'{\i }tulo 6.


[83




]

[84]

[85])

[86] (./thesis.bbl

[87




]

[88]

[89]

[90]

[91]
Underfull \hbox (badness 7344) in paragraph at lines 268--272
[]\OT1/cmr/m/n/12 IMBRIZI, B., ``triangle-wasm: Ja-vas-cript wrap-per around Tr
i-an-gle
 []


Underfull \hbox (badness 3803) in paragraph at lines 268--272
\OT1/cmr/m/n/12 com-pi-led to We-bAs-sem-bly'', Re-po-sit^^Sorio GitHub. Dis-po
n^^S^^Pvel em:
 []

)

[92]
\openout2 = `Pos-textual/apendice_modulos_1d.aux'.

 (./Pos-textual/apendice_modulos_1d.tex
Ap\^endice A.
Package hyperref Info: bookmark level for unknown lstlisting defaults to 0 on i
nput line 12.
(../simulations/mef/conducao-permanente-barra1d-mef/simulation.py

[93


]

[94]

[95]

[96])

Package hyperref Warning: Token not allowed in a PDF string (Unicode):
(hyperref)                removing `math shift' on input line 14.


Package hyperref Warning: Token not allowed in a PDF string (Unicode):
(hyperref)                removing `math shift' on input line 14.

(../simulations/mef/calor-transiente-1d/simulation.py
Overfull \hbox (7.00784pt too wide) in paragraph at lines 5--6
[][][][][][][] 
 []



[97]

[98]

[99]

[100]

[101]

[102]

[103]

[104]

[105]) (../simulations/mef/conveccao-difusao-1d/simulation.py

[106]

[107]

[108]

[109]

[110]

[111]) (../simulations/mef/viga-1d-mef/simulation.py

[112]

[113]

[114]

[115]

[116]

[117]

[118]

[119]

[120]

[121]

[122]

[123]

[124]

[125]

[126]) (../simulations/mef/vibracao-1d-mef/simulation.py

[127]

[128]

[129]

[130]

[131]

[132]

[133]

[134]

[135]

[136]

[137]))

[138]
\openout2 = `Pos-textual/apendice_modulos_2d.aux'.

 (./Pos-textual/apendice_modulos_2d.tex
Ap\^endice B.
(../simulations/mef/escoamento-fluido-2d/common.py

[139




]

[140]

[141])

[142] (../simulations/mef/escoamento-fluido-2d/geometry.py

[143]

[144]) (../simulations/mef/transcalor/simulation.py

[145]

[146]

[147]

[148]

[149])
(../simulations/mef/escoamento-fluido-2d/escoamento-potencial/simulation.py

[150]

[151]

[152]

[153]

[154]

[155]

[156]

[157]

[158]

[159]

[160]

[161]) (../simulations/mef/escoamento-fluido-2d/navier-stokes/simulation.py

[162]

[163]

[164]

[165]

[166]

[167]

[168]

[169]

[170]

[171]

[172]

[173]

[174]))

[175]
\openout2 = `Pos-textual/apendice_benchmark.aux'.

 (./Pos-textual/apendice_benchmark.tex
Ap\^endice C.

Underfull \hbox (badness 2894) in paragraph at lines 4--5
\OT1/cmr/m/n/12 em \OT1/cmtt/m/n/12 benchmark/core/ \OT1/cmr/m/n/12 s~ao c^^Sop
ias di-re-tas das im-ple-menta^^Xc~oes dos m^^Sodulos
 []

(../benchmark/core/cond_1d.py

[176




]

[177])

[178] (../benchmark/core/transcalor_2d.py

[179]

[180]

[181]) (../benchmark/bench_lib.py

[182]

[183]

[184]) (../benchmark/run_benchmark_local.py

[185]

[186]

[187]) (../benchmark/run_benchmark_browser.py

[188]

[189]

[190]

[191]))

[192] 
enddocument/afterlastpage (AED): lastpage setting LastPage.
(./thesis.aux (./Pre-textual/dedic.aux) (./Pre-textual/thanks.aux)
(./Pre-textual/resumo.aux) (./Pre-textual/abstract.aux)
(./Textual/introducao.aux) (./Textual/revisao_bibliografica.aux)
(./Textual/fundamentacao_teorica.aux) (./Textual/resultados.aux)
(./Textual/arquitetura.aux) (./Textual/conclusao.aux)
(./Pos-textual/apendice_modulos_1d.aux) (./Pos-textual/apendice_modulos_2d.aux)
(./Pos-textual/apendice_benchmark.aux))
 ***********
LaTeX2e <2024-11-01> patch level 2
L3 programming layer <2025-01-18>
 ***********
Package rerunfilecheck Info: File `thesis.out' has not changed.
(rerunfilecheck)             Checksum: 9D922770102DB2071206E00ED38DC53B;27091.
 ) 
Here is how much of TeX's memory you used:
 21877 strings out of 473190
 356501 string characters out of 5715799
 1287787 words of memory out of 5000000
 40829 multiletter control sequences out of 15000+600000
 581065 words of font info for 119 fonts, out of 8000000 for 9000
 1141 hyphenation exceptions out of 8191
 90i,14n,93p,1686b,2230s stack positions out of 10000i,1000n,20000p,200000b,200000s
</usr/local/texlive/2025/texmf-dist/fonts/type1/public/amsfonts/cm/cmbx10.pfb
></usr/local/texlive/2025/texmf-dist/fonts/type1/public/amsfonts/cm/cmbx12.pfb>
</usr/local/texlive/2025/texmf-dist/fonts/type1/public/amsfonts/cm/cmbx8.pfb></
usr/local/texlive/2025/texmf-dist/fonts/type1/public/amsfonts/cm/cmbxti10.pfb><
/usr/local/texlive/2025/texmf-dist/fonts/type1/public/amsfonts/cm/cmex10.pfb></
usr/local/texlive/2025/texmf-dist/fonts/type1/public/amsfonts/cm/cmitt10.pfb></
usr/local/texlive/2025/texmf-dist/fonts/type1/public/amsfonts/cm/cmmi10.pfb></u
sr/local/texlive/2025/texmf-dist/fonts/type1/public/amsfonts/cm/cmmi12.pfb></us
r/local/texlive/2025/texmf-dist/fonts/type1/public/amsfonts/cm/cmmi6.pfb></usr/
local/texlive/2025/texmf-dist/fonts/type1/public/amsfonts/cm/cmmi8.pfb></usr/lo
cal/texlive/2025/texmf-dist/fonts/type1/public/amsfonts/cm/cmmib10.pfb></usr/lo
cal/texlive/2025/texmf-dist/fonts/type1/public/amsfonts/cm/cmr10.pfb></usr/loca
l/texlive/2025/texmf-dist/fonts/type1/public/amsfonts/cm/cmr12.pfb></usr/local/
texlive/2025/texmf-dist/fonts/type1/public/amsfonts/cm/cmr17.pfb></usr/local/te
xlive/2025/texmf-dist/fonts/type1/public/amsfonts/cm/cmr6.pfb></usr/local/texli
ve/2025/texmf-dist/fonts/type1/public/amsfonts/cm/cmr7.pfb></usr/local/texlive/
2025/texmf-dist/fonts/type1/public/amsfonts/cm/cmr8.pfb></usr/local/texlive/202
5/texmf-dist/fonts/type1/public/amsfonts/cm/cmsy10.pfb></usr/local/texlive/2025
/texmf-dist/fonts/type1/public/amsfonts/cm/cmsy6.pfb></usr/local/texlive/2025/t
exmf-dist/fonts/type1/public/amsfonts/cm/cmsy7.pfb></usr/local/texlive/2025/tex
mf-dist/fonts/type1/public/amsfonts/cm/cmsy8.pfb></usr/local/texlive/2025/texmf
-dist/fonts/type1/public/amsfonts/cm/cmti12.pfb></usr/local/texlive/2025/texmf-
dist/fonts/type1/public/amsfonts/cm/cmtt10.pfb></usr/local/texlive/2025/texmf-d
ist/fonts/type1/public/amsfonts/cm/cmtt12.pfb></usr/local/texlive/2025/texmf-di
st/fonts/type1/public/amsfonts/symbols/msam10.pfb></usr/local/texlive/2025/texm
f-dist/fonts/type1/public/amsfonts/symbols/msbm10.pfb></usr/local/texlive/2025/
texmf-dist/fonts/type1/public/cm-super/sfrm1200.pfb></usr/local/texlive/2025/te
xmf-dist/fonts/type1/public/cm-super/sftt1000.pfb>
Output written on thesis.pdf (210 pages, 10976765 bytes).
PDF statistics:
 6560 PDF objects out of 7423 (max. 8388607)
 6136 compressed objects within 62 object streams
 3900 named destinations out of 4296 (max. 500000)
 1172 words of extra memory for PDF output out of 10000 (max. 10000000)

