This is pdfTeX, Version 3.141592653-2.6-1.40.27 (TeX Live 2025) (preloaded format=pdflatex 2025.12.16)  19 APR 2026 17:25
entering extended mode
 restricted \write18 enabled.
 %&-line parsing enabled.
**Principal.tex
(./Principal.tex
LaTeX2e <2024-11-01> patch level 2
L3 programming layer <2025-01-18>
(/usr/local/texlive/2025/texmf-dist/tex/latex/base/book.cls
Document Class: book 2024/06/29 v1.4n Standard LaTeX document class
(/usr/local/texlive/2025/texmf-dist/tex/latex/base/bk12.clo
File: bk12.clo 2024/06/29 v1.4n Standard LaTeX file (size option)
)
\c@part=\count196
\c@chapter=\count197
\c@section=\count198
\c@subsection=\count199
\c@subsubsection=\count266
\c@paragraph=\count267
\c@subparagraph=\count268
\c@figure=\count269
\c@table=\count270
\abovecaptionskip=\skip49
\belowcaptionskip=\skip50
\bibindent=\dimen141
) (./TesePack.tex
(/usr/local/texlive/2025/texmf-dist/tex/latex/tools/layout.sty
Package: layout 2023-08-20 v1.2e Show layout parameters
\oneinch=\count271
\cnt@paperwidth=\count272
\cnt@paperheight=\count273
\cnt@hoffset=\count274
\cnt@voffset=\count275
\cnt@textheight=\count276
\cnt@textwidth=\count277
\cnt@topmargin=\count278
\cnt@oddsidemargin=\count279
\cnt@evensidemargin=\count280
\cnt@headheight=\count281
\cnt@headsep=\count282
\cnt@marginparsep=\count283
\cnt@marginparwidth=\count284
\cnt@marginparpush=\count285
\cnt@footskip=\count286
\fheight=\count287
\ref@top=\count288
\ref@hoffset=\count289
\ref@voffset=\count290
\ref@head=\count291
\ref@body=\count292
\ref@foot=\count293
\ref@margin=\count294
\ref@marginwidth=\count295
\ref@marginpar=\count296
\Interval=\count297
\ExtraYPos=\count298
\PositionX=\count299
\PositionY=\count300
\ArrowLength=\count301
)
(/usr/local/texlive/2025/texmf-dist/tex/generic/babel/babel.sty
Package: babel 2025/02/14 v25.4 The multilingual framework for pdfLaTeX, LuaLaT
eX and XeLaTeX
\babel@savecnt=\count302
\U@D=\dimen142
\l@unhyphenated=\language90

(/usr/local/texlive/2025/texmf-dist/tex/generic/babel/txtbabel.def)
\bbl@readstream=\read2
\bbl@dirlevel=\count303

(/usr/local/texlive/2025/texmf-dist/tex/generic/babel-english/english.ldf
Language: english 2017/06/06 v3.3r English support from the babel system
Package babel Info: Hyphen rules for 'canadian' set to \l@english
(babel)             (\language0). Reported on input line 102.
Package babel Info: Hyphen rules for 'australian' set to \l@ukenglish
(babel)             (\language22). Reported on input line 105.
Package babel Info: Hyphen rules for 'newzealand' set to \l@ukenglish
(babel)             (\language22). Reported on input line 108.
)
(/usr/local/texlive/2025/texmf-dist/tex/generic/babel-portuges/brazil.ldf
Language: portuges 2021/07/09 v1.2t Portuguese support from the babel system
Package babel Info: Hyphen rules for 'brazil' set to \l@portuguese
(babel)             (\language72). Reported on input line 111.
Package babel Info: Making " an active character on input line 143.
))
(/usr/local/texlive/2025/texmf-dist/tex/generic/babel/locale/en/babel-english.t
ex
Package babel Info: Importing font and identification data for english
(babel)             from babel-en.ini. Reported on input line 11.
) (./pagina.sty) (./indentfirst.sty
Package: indentfirst 1994/05/23 v1.02 Indent first paragraph (DPC)
)
(/usr/local/texlive/2025/texmf-dist/tex/latex/base/inputenc.sty
Package: inputenc 2024/02/08 v1.3d Input encoding file
\inpenc@prehook=\toks17
\inpenc@posthook=\toks18
)
(/usr/local/texlive/2025/texmf-dist/tex/latex/graphics/graphics.sty
Package: graphics 2024/08/06 v1.4g Standard LaTeX Graphics (DPC,SPQR)

(/usr/local/texlive/2025/texmf-dist/tex/latex/graphics/trig.sty
Package: trig 2023/12/02 v1.11 sin cos tan (DPC)
)
(/usr/local/texlive/2025/texmf-dist/tex/latex/graphics-cfg/graphics.cfg
File: graphics.cfg 2016/06/04 v1.11 sample graphics configuration
)
Package graphics Info: Driver file: pdftex.def on input line 106.

(/usr/local/texlive/2025/texmf-dist/tex/latex/graphics-def/pdftex.def
File: pdftex.def 2024/04/13 v1.2c Graphics/color driver for pdftex
))
(/usr/local/texlive/2025/texmf-dist/tex/latex/graphics/epsfig.sty
Package: epsfig 2024/01/14 v1.7b (e)psfig emulation (SPQR)

(/usr/local/texlive/2025/texmf-dist/tex/latex/graphics/graphicx.sty
Package: graphicx 2021/09/16 v1.2d Enhanced LaTeX Graphics (DPC,SPQR)

(/usr/local/texlive/2025/texmf-dist/tex/latex/graphics/keyval.sty
Package: keyval 2022/05/29 v1.15 key=value parser (DPC)
\KV@toks@=\toks19
)
\Gin@req@height=\dimen143
\Gin@req@width=\dimen144
)
\epsfxsize=\dimen145
\epsfysize=\dimen146
)
(/usr/local/texlive/2025/texmf-dist/tex/latex/xcolor/xcolor.sty
Package: xcolor 2024/09/29 v3.02 LaTeX color extensions (UK)

(/usr/local/texlive/2025/texmf-dist/tex/latex/graphics-cfg/color.cfg
File: color.cfg 2016/01/02 v1.6 sample color configuration
)
Package xcolor Info: Driver file: pdftex.def on input line 274.

(/usr/local/texlive/2025/texmf-dist/tex/latex/graphics/mathcolor.ltx)
Package xcolor Info: Model `cmy' substituted by `cmy0' on input line 1349.
Package xcolor Info: Model `hsb' substituted by `rgb' on input line 1353.
Package xcolor Info: Model `RGB' extended on input line 1365.
Package xcolor Info: Model `HTML' substituted by `rgb' on input line 1367.
Package xcolor Info: Model `Hsb' substituted by `hsb' on input line 1368.
Package xcolor Info: Model `tHsb' substituted by `hsb' on input line 1369.
Package xcolor Info: Model `HSB' substituted by `hsb' on input line 1370.
Package xcolor Info: Model `Gray' substituted by `gray' on input line 1371.
Package xcolor Info: Model `wave' substituted by `hsb' on input line 1372.
)
(/usr/local/texlive/2025/texmf-dist/tex/latex/colortbl/colortbl.sty
Package: colortbl 2024/07/06 v1.0i Color table columns (DPC)

(/usr/local/texlive/2025/texmf-dist/tex/latex/tools/array.sty
Package: array 2024/10/17 v2.6g Tabular extension package (FMi)
\col@sep=\dimen147
\ar@mcellbox=\box52
\extrarowheight=\dimen148
\NC@list=\toks20
\extratabsurround=\skip51
\backup@length=\skip52
\ar@cellbox=\box53
)
\everycr=\toks21
\minrowclearance=\skip53
\rownum=\count304
)
(/usr/local/texlive/2025/texmf-dist/tex/latex/pstricks/pstricks.sty
Package: pstricks 2024/02/02 v0.75 LaTeX wrapper for `PSTricks' (RN,HV)

(/usr/local/texlive/2025/texmf-dist/tex/generic/iftex/iftex.sty
Package: iftex 2024/12/12 v1.0g TeX engine tests
)
(/usr/local/texlive/2025/texmf-dist/tex/generic/xkeyval/pst-xkey.tex
File: pst-xkey.tex 2005/11/25 v1.6 PSTricks specialization of xkeyval (HA)

(/usr/local/texlive/2025/texmf-dist/tex/latex/xkeyval/xkeyval.sty
Package: xkeyval 2022/06/16 v2.9 package option processing (HA)

(/usr/local/texlive/2025/texmf-dist/tex/generic/xkeyval/xkeyval.tex
(/usr/local/texlive/2025/texmf-dist/tex/generic/xkeyval/xkvutils.tex
\XKV@toks=\toks22
\XKV@tempa@toks=\toks23
)
\XKV@depth=\count305
File: xkeyval.tex 2014/12/03 v2.7a key=value parser (HA)
)))
(/usr/local/texlive/2025/texmf-dist/tex/generic/pstricks/pstricks.tex
(/usr/local/texlive/2025/texmf-dist/tex/generic/pstricks/pst-fp.tex
`pst-fp' v0.06, 2020/11/20 (hv)
\pstFP@xs=\count306
\pstFP@xia=\count307
\pstFP@xib=\count308
\pstFP@xfa=\count309
\pstFP@xfb=\count310
\pstFP@rega=\count311
\pstFP@regb=\count312
\pstFP@regs=\count313
\pstFP@times=\count314
)
(/usr/local/texlive/2025/texmf-dist/tex/latex/pgf/utilities/pgffor.sty
(/usr/local/texlive/2025/texmf-dist/tex/latex/pgf/utilities/pgfrcs.sty
(/usr/local/texlive/2025/texmf-dist/tex/generic/pgf/utilities/pgfutil-common.te
x
\pgfutil@everybye=\toks24
\pgfutil@tempdima=\dimen149
\pgfutil@tempdimb=\dimen150
)
(/usr/local/texlive/2025/texmf-dist/tex/generic/pgf/utilities/pgfutil-latex.def
\pgfutil@abb=\box54
) (/usr/local/texlive/2025/texmf-dist/tex/generic/pgf/utilities/pgfrcs.code.tex
(/usr/local/texlive/2025/texmf-dist/tex/generic/pgf/pgf.revision.tex)
Package: pgfrcs 2023-01-15 v3.1.10 (3.1.10)
))
(/usr/local/texlive/2025/texmf-dist/tex/latex/pgf/utilities/pgfkeys.sty
(/usr/local/texlive/2025/texmf-dist/tex/generic/pgf/utilities/pgfkeys.code.tex
\pgfkeys@pathtoks=\toks25
\pgfkeys@temptoks=\toks26

(/usr/local/texlive/2025/texmf-dist/tex/generic/pgf/utilities/pgfkeyslibraryfil
tered.code.tex
\pgfkeys@tmptoks=\toks27
)))
(/usr/local/texlive/2025/texmf-dist/tex/latex/pgf/math/pgfmath.sty
(/usr/local/texlive/2025/texmf-dist/tex/generic/pgf/math/pgfmath.code.tex
(/usr/local/texlive/2025/texmf-dist/tex/generic/pgf/math/pgfmathutil.code.tex
\pgf@x=\dimen151
\pgf@xa=\dimen152
\pgf@xb=\dimen153
\pgf@xc=\dimen154
\pgf@y=\dimen155
\pgf@ya=\dimen156
\pgf@yb=\dimen157
\pgf@yc=\dimen158
\c@pgf@counta=\count315
\c@pgf@countb=\count316
\c@pgf@countc=\count317
\c@pgf@countd=\count318
)
(/usr/local/texlive/2025/texmf-dist/tex/generic/pgf/math/pgfmathparser.code.tex
\pgfmath@dimen=\dimen159
\pgfmath@count=\count319
\pgfmath@box=\box55
\pgfmath@toks=\toks28
\pgfmath@stack@operand=\toks29
\pgfmath@stack@operation=\toks30
)
(/usr/local/texlive/2025/texmf-dist/tex/generic/pgf/math/pgfmathfunctions.code.
tex)
(/usr/local/texlive/2025/texmf-dist/tex/generic/pgf/math/pgfmathfunctions.basic
.code.tex)
(/usr/local/texlive/2025/texmf-dist/tex/generic/pgf/math/pgfmathfunctions.trigo
nometric.code.tex)
(/usr/local/texlive/2025/texmf-dist/tex/generic/pgf/math/pgfmathfunctions.rando
m.code.tex)
(/usr/local/texlive/2025/texmf-dist/tex/generic/pgf/math/pgfmathfunctions.compa
rison.code.tex)
(/usr/local/texlive/2025/texmf-dist/tex/generic/pgf/math/pgfmathfunctions.base.
code.tex)
(/usr/local/texlive/2025/texmf-dist/tex/generic/pgf/math/pgfmathfunctions.round
.code.tex)
(/usr/local/texlive/2025/texmf-dist/tex/generic/pgf/math/pgfmathfunctions.misc.
code.tex)
(/usr/local/texlive/2025/texmf-dist/tex/generic/pgf/math/pgfmathfunctions.integ
erarithmetics.code.tex)
(/usr/local/texlive/2025/texmf-dist/tex/generic/pgf/math/pgfmathcalc.code.tex)
(/usr/local/texlive/2025/texmf-dist/tex/generic/pgf/math/pgfmathfloat.code.tex
\c@pgfmathroundto@lastzeros=\count320
)))
(/usr/local/texlive/2025/texmf-dist/tex/generic/pgf/utilities/pgffor.code.tex
Package: pgffor 2023-01-15 v3.1.10 (3.1.10)
\pgffor@iter=\dimen160
\pgffor@skip=\dimen161
\pgffor@stack=\toks31
\pgffor@toks=\toks32
))
\psLoopIndex=\count321
`PSTricks' v3.21  <2024/11/16> (tvz,hv)
\pst@dima=\dimen162
\pst@dimb=\dimen163
\pst@dimc=\dimen164
\pst@dimd=\dimen165
\pst@dimg=\dimen166
\pst@dimh=\dimen167
\pst@dimm=\dimen168
\pst@dimn=\dimen169
\pst@dimo=\dimen170
\pst@dimp=\dimen171
\pst@hbox=\box56
\pst@ibox=\box57
\pst@boxg=\box58
\pst@cnta=\count322
\pst@cntb=\count323
\pst@cntc=\count324
\pst@cntd=\count325
\pst@cntg=\count326
\pst@cnth=\count327
\pst@cntm=\count328
\pst@cntn=\count329
\pst@cnto=\count330
\pst@cntp=\count331
\@zero=\count332
\pst@toks=\toks33
--- We are running latex or xelatex ---
(/usr/local/texlive/2025/texmf-dist/tex/generic/pstricks/pstricks.con)
(/usr/local/texlive/2025/texmf-dist/tex/generic/pstricks/pstricks-color.tex)
\psunit=\dimen172
\psxunit=\dimen173
\psyunit=\dimen174
\pst@C@@rType=\count333
\pslinewidth=\dimen175
\psk@startLW=\dimen176
\psk@endLW=\dimen177

(/usr/local/texlive/2025/texmf-dist/tex/generic/pstricks/pstricks-arrows.tex
\pshooklength=\dimen178
\pshookwidth=\dimen179
)
\pst@customdefs=\toks34

(/usr/local/texlive/2025/texmf-dist/tex/generic/pstricks/pstricks-dots.tex)
\pslinearc=\dimen180
\pst@symbolStep=\dimen181
\pst@symbolWidth=\dimen182
\pst@symbolLinewidth=\dimen183
\everypsbox=\toks35
\psframesep=\dimen184
\pslabelsep=\dimen185
\sh@wgridXunit=\dimen186
\sh@wgridYunit=\dimen187
\pst@shift=\dimen188
\ps@imagectr=\count334

(/usr/local/texlive/2025/texmf-dist/tex/generic/pstricks/pstricks.con))
File: pstricks.tex 2024/11/16 v3.21 `PSTricks' (tvz,hv)

(/usr/local/texlive/2025/texmf-dist/tex/generic/pstricks/pst-fp.tex
`pst-fp' v0.06, 2020/11/20 (hv))
File: pst-fp.tex 2020/11/20 v0.06 `PST-fp' (hv)
)
(/usr/local/texlive/2025/texmf-dist/tex/latex/pst-node/pst-node.sty
Package: pst-node 2024/07/10 v1.02 LaTeX wrapper for `pst-node' (HV)
Package: pst-node 2024/07/10 package wrapper for pst-node.tex

(/usr/local/texlive/2025/texmf-dist/tex/generic/pst-node/pst-node.tex
 v1.45, 2024/07/10
\psrow=\count335
\pscol=\count336
\psmatrixcnt=\count337
\psrowsep=\skip54
\pscolsep=\skip55
\pst@args=\count338
\num@pts=\count339
\pst@argcnt=\count340
)
File: pst-node.tex 2024/07/10 1.45 `pst-node' (tvz,hv)
)
(/usr/local/texlive/2025/texmf-dist/tex/latex/pst-tree/pst-tree.sty
Package: pst-tree 2009/01/25 package wrapper for pst-tree.tex

(/usr/local/texlive/2025/texmf-dist/tex/generic/pst-tree/pst-tree.tex
 v1.14, 2021/09/04(tvz,dg,hv)
\pstree@rootbox=\box59
\pstree@box=\box60
\psnodecnt=\count341
\pstreelevel=\count342
\pstreecnt=\count343
\pstree@cnt=\count344
\pstree@stop=\count345
)
File: pst-tree.tex 2021/09/04 1.14 `pst-tree' (tvz,hv)
)
(/usr/local/texlive/2025/texmf-dist/tex/latex/base/alltt.sty
Package: alltt 2024/07/07 v2.0g defines alltt environment
) (./rotating.sty
Package: rotating 94/04/15 2 SPQR

Style option: rotating 2 <94/04/15> (SPQR / LMB)
) (/usr/local/texlive/2025/texmf-dist/tex/latex/tools/enumerate.sty
Package: enumerate 2023/07/04 v3.00 enumerate extensions (DPC)
\@enLab=\toks36
)
(/usr/local/texlive/2025/texmf-dist/tex/latex/amsmath/amsmath.sty
Package: amsmath 2024/11/05 v2.17t AMS math features
\@mathmargin=\skip56

For additional information on amsmath, use the `?' option.
(/usr/local/texlive/2025/texmf-dist/tex/latex/amsmath/amstext.sty
Package: amstext 2021/08/26 v2.01 AMS text

(/usr/local/texlive/2025/texmf-dist/tex/latex/amsmath/amsgen.sty
File: amsgen.sty 1999/11/30 v2.0 generic functions
\@emptytoks=\toks37
\ex@=\dimen189
))
(/usr/local/texlive/2025/texmf-dist/tex/latex/amsmath/amsbsy.sty
Package: amsbsy 1999/11/29 v1.2d Bold Symbols
\pmbraise@=\dimen190
)
(/usr/local/texlive/2025/texmf-dist/tex/latex/amsmath/amsopn.sty
Package: amsopn 2022/04/08 v2.04 operator names
)
\inf@bad=\count346
LaTeX Info: Redefining \frac on input line 233.
\uproot@=\count347
\leftroot@=\count348
LaTeX Info: Redefining \overline on input line 398.
LaTeX Info: Redefining \colon on input line 409.
\classnum@=\count349
\DOTSCASE@=\count350
LaTeX Info: Redefining \ldots on input line 495.
LaTeX Info: Redefining \dots on input line 498.
LaTeX Info: Redefining \cdots on input line 619.
\Mathstrutbox@=\box61
\strutbox@=\box62
LaTeX Info: Redefining \big on input line 721.
LaTeX Info: Redefining \Big on input line 722.
LaTeX Info: Redefining \bigg on input line 723.
LaTeX Info: Redefining \Bigg on input line 724.
\big@size=\dimen191
LaTeX Font Info:    Redeclaring font encoding OML on input line 742.
LaTeX Font Info:    Redeclaring font encoding OMS on input line 743.
\macc@depth=\count351
LaTeX Info: Redefining \bmod on input line 904.
LaTeX Info: Redefining \pmod on input line 909.
LaTeX Info: Redefining \smash on input line 939.
LaTeX Info: Redefining \relbar on input line 969.
LaTeX Info: Redefining \Relbar on input line 970.
\c@MaxMatrixCols=\count352
\dotsspace@=\muskip17
\c@parentequation=\count353
\dspbrk@lvl=\count354
\tag@help=\toks38
\row@=\count355
\column@=\count356
\maxfields@=\count357
\andhelp@=\toks39
\eqnshift@=\dimen192
\alignsep@=\dimen193
\tagshift@=\dimen194
\tagwidth@=\dimen195
\totwidth@=\dimen196
\lineht@=\dimen197
\@envbody=\toks40
\multlinegap=\skip57
\multlinetaggap=\skip58
\mathdisplay@stack=\toks41
LaTeX Info: Redefining \[ on input line 2953.
LaTeX Info: Redefining \] on input line 2954.
)
(/usr/local/texlive/2025/texmf-dist/tex/latex/amsfonts/amssymb.sty
Package: amssymb 2013/01/14 v3.01 AMS font symbols

(/usr/local/texlive/2025/texmf-dist/tex/latex/amsfonts/amsfonts.sty
Package: amsfonts 2013/01/14 v3.01 Basic AMSFonts support
\symAMSa=\mathgroup4
\symAMSb=\mathgroup5
LaTeX Font Info:    Redeclaring math symbol \hbar on input line 98.
LaTeX Font Info:    Overwriting math alphabet `\mathfrak' in version `bold'
(Font)                  U/euf/m/n --> U/euf/b/n on input line 106.
))
(/usr/local/texlive/2025/texmf-dist/tex/latex/tools/longtable.sty
Package: longtable 2024-10-27 v4.22 Multi-page Table package (DPC)
\LTleft=\skip59
\LTright=\skip60
\LTpre=\skip61
\LTpost=\skip62
\LTchunksize=\count358
\LTcapwidth=\dimen198
\LT@head=\box63
\LT@firsthead=\box64
\LT@foot=\box65
\LT@lastfoot=\box66
\LT@gbox=\box67
\LT@cols=\count359
\LT@rows=\count360
\c@LT@tables=\count361
\c@LT@chunks=\count362
\LT@p@ftn=\toks42
)
(/usr/local/texlive/2025/texmf-dist/tex/latex/float/float.sty
Package: float 2001/11/08 v1.3d Float enhancements (AL)
\c@float@type=\count363
\float@exts=\toks43
\float@box=\box68
\@float@everytoks=\toks44
\@floatcapt=\box69
)
(/usr/local/texlive/2025/texmf-dist/tex/latex/listings/listings.sty
\lst@mode=\count364
\lst@gtempboxa=\box70
\lst@token=\toks45
\lst@length=\count365
\lst@currlwidth=\dimen199
\lst@column=\count366
\lst@pos=\count367
\lst@lostspace=\dimen256
\lst@width=\dimen257
\lst@newlines=\count368
\lst@lineno=\count369
\lst@maxwidth=\dimen258

(/usr/local/texlive/2025/texmf-dist/tex/latex/listings/lstpatch.sty
File: lstpatch.sty 2024/09/23 1.10c (Carsten Heinz)
)
(/usr/local/texlive/2025/texmf-dist/tex/latex/listings/lstmisc.sty
File: lstmisc.sty 2024/09/23 1.10c (Carsten Heinz)
\c@lstnumber=\count370
\lst@skipnumbers=\count371
\lst@framebox=\box71
)
(/usr/local/texlive/2025/texmf-dist/tex/latex/listings/listings.cfg
File: listings.cfg 2024/09/23 1.10c listings configuration
))
Package: listings 2024/09/23 1.10c (Carsten Heinz)

(/usr/local/texlive/2025/texmf-dist/tex/latex/listings/lstlang1.sty
File: lstlang1.sty 2024/09/23 1.10c listings language file
))
(/usr/local/texlive/2025/texmf-dist/tex/latex/l3backend/l3backend-pdftex.def
File: l3backend-pdftex.def 2024-05-08 L3 backend support: PDF output (pdfTeX)
\l__color_backend_stack_int=\count372
\l__pdf_internal_box=\box72
)
(./Principal.aux)
\openout1 = `Principal.aux'.

LaTeX Font Info:    Checking defaults for OML/cmm/m/it on input line 4.
LaTeX Font Info:    ... okay on input line 4.
LaTeX Font Info:    Checking defaults for OMS/cmsy/m/n on input line 4.
LaTeX Font Info:    ... okay on input line 4.
LaTeX Font Info:    Checking defaults for OT1/cmr/m/n on input line 4.
LaTeX Font Info:    ... okay on input line 4.
LaTeX Font Info:    Checking defaults for T1/cmr/m/n on input line 4.
LaTeX Font Info:    ... okay on input line 4.
LaTeX Font Info:    Checking defaults for TS1/cmr/m/n on input line 4.
LaTeX Font Info:    ... okay on input line 4.
LaTeX Font Info:    Checking defaults for OMX/cmex/m/n on input line 4.
LaTeX Font Info:    ... okay on input line 4.
LaTeX Font Info:    Checking defaults for U/cmr/m/n on input line 4.
LaTeX Font Info:    ... okay on input line 4.

(/usr/local/texlive/2025/texmf-dist/tex/context/base/mkii/supp-pdf.mkii
[Loading MPS to PDF converter (version 2006.09.02).]
\scratchcounter=\count373
\scratchdimen=\dimen259
\scratchbox=\box73
\nofMPsegments=\count374
\nofMParguments=\count375
\everyMPshowfont=\toks46
\MPscratchCnt=\count376
\MPscratchDim=\dimen260
\MPnumerator=\count377
\makeMPintoPDFobject=\count378
\everyMPtoPDFconversion=\toks47
) (/usr/local/texlive/2025/texmf-dist/tex/latex/epstopdf-pkg/epstopdf-base.sty
Package: epstopdf-base 2020-01-24 v2.11 Base part for package epstopdf
Package epstopdf-base Info: Redefining graphics rule for `.eps' on input line 4
85.

(/usr/local/texlive/2025/texmf-dist/tex/latex/latexconfig/epstopdf-sys.cfg
File: epstopdf-sys.cfg 2010/07/13 v1.3 Configuration of (r)epstopdf for TeX Liv
e
))
\c@lstlisting=\count379

(./Capa.tex
Package epstopdf Info: Source file: <./figuras/Poli.eps>
(epstopdf)                    date: 2026-04-18 15:02:38
(epstopdf)                    size: 546883 bytes
(epstopdf)             Output file: <./figuras/Poli-eps-converted-to.pdf>
(epstopdf)                    date: 2026-04-18 15:02:38
(epstopdf)                    size: 43660 bytes
(epstopdf)             Command: <repstopdf --outfile=./figuras/Poli-eps-convert
ed-to.pdf ./figuras/Poli.eps>
(epstopdf)             \includegraphics on input line 1.
Package epstopdf Info: Output file is already uptodate.
<./figuras/Poli-eps-converted-to.pdf, id=1, 130.4875pt x 139.52126pt>
File: ./figuras/Poli-eps-converted-to.pdf Graphic file (type pdf)
<use ./figuras/Poli-eps-converted-to.pdf>
Package pdftex.def Info: ./figuras/Poli-eps-converted-to.pdf  used on input lin
e 1.
(pdftex.def)             Requested size: 91.3406pt x 97.6642pt.

Underfull \hbox (badness 7759) in paragraph at lines 10--10
[]\OT1/cmr/m/n/12 Projeto de Gra-dua^^Xc~ao apre-sen-tado ao
 []


Underfull \hbox (badness 1158) in paragraph at lines 10--10
\OT1/cmr/m/n/12 Po-lit^^Secnica, Uni-ver-si-dade Fe-de-ral do Rio
 []


Underfull \hbox (badness 10000) in paragraph at lines 10--10

 []

LaTeX Font Info:    Trying to load font information for U+msa on input line 10.

(/usr/local/texlive/2025/texmf-dist/tex/latex/amsfonts/umsa.fd
File: umsa.fd 2013/01/14 v3.01 AMS symbols A
)
LaTeX Font Info:    Trying to load font information for U+msb on input line 10.


(/usr/local/texlive/2025/texmf-dist/tex/latex/amsfonts/umsb.fd
File: umsb.fd 2013/01/14 v3.01 AMS symbols B
)
Overfull \hbox (2.61107pt too wide) in paragraph at lines 9--14
   $[]$
 []



[1
Non-PDF special ignored!
<special> header=pstricks.pro
Non-PDF special ignored!
<special> header=pst-algparser.pro
Non-PDF special ignored!
<special> header=pst-tools.pro
Non-PDF special ignored!
<special> header=pst-dots.pro
Non-PDF special ignored!
<special> header=pst-node.pro

Non-PDF special ignored!
<special> ps: /pssetRGBcolor /setrgbcolor load def /pssetCMYKcolor /setcmyk...
Non-PDF special ignored!
<special> ps:tx@Dict begin  gsave STV CP T /ps@rot 0 def grestore  end
Non-PDF special ignored!
<special> ps:tx@Dict begin  gsave STV CP T /ps@refangle 0.  def grestore  e...
Non-PDF special ignored!
<special> ps:tx@Dict begin  gsave STV CP T /ps@rot 0 def grestore  end
Non-PDF special ignored!
<special> ps:0.8 setlinewidth 0 setgray

{/usr/local/texlive/2025/texmf-var/fonts/map/pdftex/updmap/pdftex.map} <./figur
as/Poli-eps-converted-to.pdf>]
Overfull \hbox (1.744pt too wide) in paragraph at lines 32--33
\OT1/cmr/m/n/12 PROJETO DE GRADUA[][]AO SUB-ME-TIDO AO CORPO DO-CENTE DO CURSO
 []

)

[2] (./Preambulo.tex

[3]

[4]

[5]

[6]

[7]

[8]) (./Principal.toc

[9

]

[10]

[11])
\tf@toc=\write3
\openout3 = `Principal.toc'.



[12] (./Principal.lof
Overfull \hbox (15.16525pt too wide) in paragraph at lines 9--9
 [][] []\OT1/cmr/m/n/12 Evolu^^Xc~ao tem-po-ral do campo de tem-pe-ra-tura com 
con-du-ti-vi-dade vari^^Savel 
 []



[13

]
Overfull \hbox (0.72812pt too wide) in paragraph at lines 21--21
 [][] []\OT1/cmr/m/n/12 Convec^^Xc~ao-difus~ao 1D com Ga-ler-kin cl^^Sassico (S
UPG de-sa-ti-vado), mes- 
 []



[14{/usr/local/texlive/2025/texmf-dist/fonts/enc/dvips/cm-super/cm-super-ts1.en
c}]

[15])
\tf@lof=\write4
\openout4 = `Principal.lof'.



[16] (./Principal.lot)
\tf@lot=\write5
\openout5 = `Principal.lot'.



[17

]
Cap\'{\i }tulo 1.
(./introducao.tex

[1



]

[2]
Overfull \hbox (1.898pt too wide) in paragraph at lines 36--37
[]\OT1/cmr/m/n/12 O \OT1/cmr/bx/n/12 Cap^^S^^Ptulo 3 \OT1/cmr/m/n/12 (Fun-da-me
nta^^Xc~ao Te^^Sorica) apre-senta o em-ba-sa-mento ma-tem^^Satico
 []

)

[3]
Cap\'{\i }tulo 2.
(./revisao_bibliografica.tex

[4

]
Overfull \hbox (5.70859pt too wide) in paragraph at lines 29--29
[]\OT1/cmr/bx/n/17.28 Bases Hist^^Soricas e Con-so-lida^^Xc~ao do MEF/CFD 
 []



[5]
Overfull \hbox (41.8469pt too wide) in paragraph at lines 33--34
 [] \OT1/cmr/m/n/12 No con-texto de trans-porte con-vec-tivo e Navier-Stokes, f
or-mula^^Xc~oes Petrov-Galerkin/SUPG
 []



[6])

[7]
Cap\'{\i }tulo 3.
(./fundamentacao_teorica.tex

[8

]

[9]

[10]

[11]

[12]

[13]

[14]
Overfull \hbox (25.72583pt too wide) in paragraph at lines 247--248
[]\OT1/cmr/m/n/12 Ap^^Sos a mon-ta-gem, as condi^^Xc~oes de con-torno de Di-ri-
ch-let s~ao im-pos-tas modificando-
 []



[15]

[16]

[17]
Overfull \hbox (5.42882pt too wide) in paragraph at lines 358--359
[]\OT1/cmr/m/n/12 Para pro-ble-mas pu-ra-mente di-fu-si-vos (con-duc~ao tran-si
-ente), utiliza-se o m^^Setodo
 []



[18])

[19]
Cap\'{\i }tulo 4.
(./arquitetura.tex
Overfull \hbox (8.47636pt too wide) in paragraph at lines 1--2
 [] \OT1/cmr/m/n/12 Os m^^Sodulos com-pu-ta-ci-o-nais apre-sen-ta-dos neste cap
^^S^^Ptulo cons-ti-tuem im-ple-menta^^Xc~oes
 []



[20

]
<figuras/prints/fig_minervamesh_home.png, id=139, 1630.09pt x 1064.97874pt>
File: figuras/prints/fig_minervamesh_home.png Graphic file (type png)
<use figuras/prints/fig_minervamesh_home.png>
Package pdftex.def Info: figuras/prints/fig_minervamesh_home.png  used on input
 line 20.
(pdftex.def)             Requested size: 384.10959pt x 250.9363pt.


[21 <./figuras/prints/fig_minervamesh_home.png>]

[22]
Overfull \hbox (9.2351pt too wide) in paragraph at lines 65--76
 [][] 
 []



[23]

[24]
Overfull \hbox (4.87741pt too wide) in paragraph at lines 120--121
[]\OT1/cmr/bx/n/12 Parametriza^^Xc~ao: \OT1/cmr/m/n/12 o usu^^Sario con-fi-gura
 os par^ametros f^^S^^Psicos e num^^Sericos atrav^^Ses
 []

<figuras/prints/fig_interface_parametros.png, id=159, 1630.09pt x 1064.97874pt>

File: figuras/prints/fig_interface_parametros.png Graphic file (type png)
<use figuras/prints/fig_interface_parametros.png>
Package pdftex.def Info: figuras/prints/fig_interface_parametros.png  used on i
nput line 128.
(pdftex.def)             Requested size: 384.10959pt x 250.9363pt.


[25 <./figuras/prints/fig_interface_parametros.png>]
Overfull \hbox (15.00407pt too wide) in paragraph at lines 138--139
\OT1/cmr/m/n/12 te^^Sorica cor-res-pon-dente, man-tendo cor-res-pond^encia di-r
eta en-tre ope-ra-do-res ma-tem^^Saticos
 []

<figuras/prints/fig_conducao1d_resultado.png, id=164, 1630.09pt x 1064.97874pt>

File: figuras/prints/fig_conducao1d_resultado.png Graphic file (type png)
<use figuras/prints/fig_conducao1d_resultado.png>
Package pdftex.def Info: figuras/prints/fig_conducao1d_resultado.png  used on i
nput line 162.
(pdftex.def)             Requested size: 362.77524pt x 237.00984pt.


[26]
<figuras/prints/fig_calor_transiente1d_evolucao.png, id=170, 1630.09pt x 1064.9
7874pt>
File: figuras/prints/fig_calor_transiente1d_evolucao.png Graphic file (type png
)
<use figuras/prints/fig_calor_transiente1d_evolucao.png>
Package pdftex.def Info: figuras/prints/fig_calor_transiente1d_evolucao.png  us
ed on input line 190.
(pdftex.def)             Requested size: 362.77524pt x 237.00984pt.


[27 <./figuras/prints/fig_conducao1d_resultado.png>]
LaTeX Font Info:    Font shape `OT1/cmtt/bx/n' in size <10> not available
(Font)              Font shape `OT1/cmtt/m/n' tried instead on input line 210.
<figuras/prints/fig_convdif1d_com_supg.png, id=175, 1630.09pt x 1064.97874pt>
File: figuras/prints/fig_convdif1d_com_supg.png Graphic file (type png)
<use figuras/prints/fig_convdif1d_com_supg.png>
Package pdftex.def Info: figuras/prints/fig_convdif1d_com_supg.png  used on inp
ut line 218.
(pdftex.def)             Requested size: 362.77524pt x 237.00984pt.


[28 <./figuras/prints/fig_calor_transiente1d_evolucao.png>]

[29 <./figuras/prints/fig_convdif1d_com_supg.png>]
<figuras/prints/fig_viga1d_resultado.png, id=184, 1042.89626pt x 1064.97874pt>
File: figuras/prints/fig_viga1d_resultado.png Graphic file (type png)
<use figuras/prints/fig_viga1d_resultado.png>
Package pdftex.def Info: figuras/prints/fig_viga1d_resultado.png  used on input
 line 249.
(pdftex.def)             Requested size: 362.77524pt x 370.45686pt.


[30 <./figuras/prints/fig_viga1d_resultado.png>]
<figuras/prints/fig_vibracao1d_modos.png, id=189, 1213.53375pt x 1064.97874pt>
File: figuras/prints/fig_vibracao1d_modos.png Graphic file (type png)
<use figuras/prints/fig_vibracao1d_modos.png>
Package pdftex.def Info: figuras/prints/fig_vibracao1d_modos.png  used on input
 line 269.
(pdftex.def)             Requested size: 362.77524pt x 318.35857pt.

Overfull \hbox (9.77052pt too wide) in paragraph at lines 277--278
[]\OT1/cmr/m/n/12 O m^^Sodulo de trans-fer^encia de ca-lor bi-di-men-si-o-nal r
e-solve a equa^^Xc~ao de condu^^Xc~ao
 []



[31 <./figuras/prints/fig_vibracao1d_modos.png>]
<figuras/prints/fig_transcalor2d_campo.png, id=194, 1630.09pt x 1064.97874pt>
File: figuras/prints/fig_transcalor2d_campo.png Graphic file (type png)
<use figuras/prints/fig_transcalor2d_campo.png>
Package pdftex.def Info: figuras/prints/fig_transcalor2d_campo.png  used on inp
ut line 295.
(pdftex.def)             Requested size: 320.09349pt x 209.12442pt.


[32 <./figuras/prints/fig_transcalor2d_campo.png>]
<figuras/prints/fig_potencial2d_linhas.png, id=201, 1630.09pt x 1064.97874pt>
File: figuras/prints/fig_potencial2d_linhas.png Graphic file (type png)
<use figuras/prints/fig_potencial2d_linhas.png>
Package pdftex.def Info: figuras/prints/fig_potencial2d_linhas.png  used on inp
ut line 316.
(pdftex.def)             Requested size: 362.77524pt x 237.00984pt.


[33 <./figuras/prints/fig_potencial2d_linhas.png>]
<figuras/prints/fig_ns2d_cavity_re100.png, id=206, 587.5551pt x 860.013pt>
File: figuras/prints/fig_ns2d_cavity_re100.png Graphic file (type png)
<use figuras/prints/fig_ns2d_cavity_re100.png>
Package pdftex.def Info: figuras/prints/fig_ns2d_cavity_re100.png  used on inpu
t line 338.
(pdftex.def)             Requested size: 362.77524pt x 531.01105pt.


[34]
<figuras/prints/fig_ns2d_cylinder.png, id=210, 586.8324pt x 860.013pt>
File: figuras/prints/fig_ns2d_cylinder.png Graphic file (type png)
<use figuras/prints/fig_ns2d_cylinder.png>
Package pdftex.def Info: figuras/prints/fig_ns2d_cylinder.png  used on input li
ne 345.
(pdftex.def)             Requested size: 362.77524pt x 531.66719pt.


[35 <./figuras/prints/fig_ns2d_cavity_re100.png>]

[36 <./figuras/prints/fig_ns2d_cylinder.png>])

[37]
Cap\'{\i }tulo 5.
(./resultados.tex

[38

]
Overfull \hbox (15.02443pt too wide) in paragraph at lines 17--18
[]\OT1/cmr/bx/n/12 An^^Salise de erro\OT1/cmr/m/n/12 : m^^Setricas quan-ti-ta-t
i-vas de com-para^^Xc~ao en-tre re-sul-tado num^^Serico
 []



[39]

[40]
<figuras/prints/fig_val_conducao1d_resultado.png, id=232, 570.933pt x 354.123pt
>
File: figuras/prints/fig_val_conducao1d_resultado.png Graphic file (type png)
<use figuras/prints/fig_val_conducao1d_resultado.png>
Package pdftex.def Info: figuras/prints/fig_val_conducao1d_resultado.png  used 
on input line 93.
(pdftex.def)             Requested size: 405.45045pt x 251.48851pt.


[41 <./figuras/prints/fig_val_conducao1d_resultado.png>]

[42]
Overfull \hbox (23.24652pt too wide) in paragraph at lines 168--169
[]\OT1/cmr/m/n/12 No li-mite $\OML/cmm/m/it/12 t \OMS/cmsy/m/n/12 ! 1$\OT1/cmr/
m/n/12 , o termo tran-si-ente se anula e a solu^^Xc~ao sa-tis-faz $[](\OML/cmm/
m/it/12 k\OT1/cmr/m/n/12 (\OML/cmm/m/it/12 x\OT1/cmr/m/n/12 ) \OML/cmm/m/it/12 
dT=dx\OT1/cmr/m/n/12 ) =
 []



[43]
<figuras/prints/fig_val_calor_transiente1d_evolucao.png, id=244, 1003.75pt x 60
2.25pt>
File: figuras/prints/fig_val_calor_transiente1d_evolucao.png Graphic file (type
 png)
<use figuras/prints/fig_val_calor_transiente1d_evolucao.png>
Package pdftex.def Info: figuras/prints/fig_val_calor_transiente1d_evolucao.png
  used on input line 197.
(pdftex.def)             Requested size: 384.10959pt x 230.46555pt.


[44 <./figuras/prints/fig_val_calor_transiente1d_evolucao.png>]
Overfull \hbox (18.00232pt too wide) in paragraph at lines 212--212
[]\OT1/cmr/bx/n/17.28 Convec^^Xc~ao-Difus~ao 1D com Es-ta-bi-liza^^Xc~ao SUPG 
 []



[45]

[46]
<figuras/prints/fig_val_convdif1d_supg.png, id=257, 1505.625pt x 1204.5pt>
File: figuras/prints/fig_val_convdif1d_supg.png Graphic file (type png)
<use figuras/prints/fig_val_convdif1d_supg.png>
Package pdftex.def Info: figuras/prints/fig_val_convdif1d_supg.png  used on inp
ut line 281.
(pdftex.def)             Requested size: 362.77524pt x 290.22542pt.
<figuras/prints/fig_val_convdif1d_galerkin.png, id=258, 1505.625pt x 1204.5pt>
File: figuras/prints/fig_val_convdif1d_galerkin.png Graphic file (type png)
<use figuras/prints/fig_val_convdif1d_galerkin.png>
Package pdftex.def Info: figuras/prints/fig_val_convdif1d_galerkin.png  used on
 input line 288.
(pdftex.def)             Requested size: 362.77524pt x 290.22542pt.


[47]

[48 <./figuras/prints/fig_val_convdif1d_supg.png>]

[49 <./figuras/prints/fig_val_convdif1d_galerkin.png>]

[50]
<figuras/prints/fig_val_viga1d_resultado.png, id=274, 1790.69pt x 2693.06125pt>

File: figuras/prints/fig_val_viga1d_resultado.png Graphic file (type png)
<use figuras/prints/fig_val_viga1d_resultado.png>
Package pdftex.def Info: figuras/prints/fig_val_viga1d_resultado.png  used on i
nput line 365.
(pdftex.def)             Requested size: 320.09349pt x 481.4016pt.


[51]

[52 <./figuras/prints/fig_val_viga1d_resultado.png>]

[53]

[54]
<figuras/prints/fig_val_vibracao1d_modos.png, id=288, 1890.06125pt x 2787.41376
pt>
File: figuras/prints/fig_val_vibracao1d_modos.png Graphic file (type png)
<use figuras/prints/fig_val_vibracao1d_modos.png>
Package pdftex.def Info: figuras/prints/fig_val_vibracao1d_modos.png  used on i
nput line 446.
(pdftex.def)             Requested size: 298.75262pt x 440.59369pt.


[55]

[56 <./figuras/prints/fig_val_vibracao1d_modos.png>]
Overfull \hbox (9.82887pt too wide) in paragraph at lines 474--475
\OT1/cmr/m/n/12 cen-trada ^^Se a ma-triz de massa con-sis-tente (tri-di-a-go-na
l), ob-tida in-te-grando $[] \OML/cmm/m/it/12 N[]N[] ^^ZA dx$
 []



[57]

[58]
<figuras/prints/fig_val_transcalor2d_campo.png, id=303, 602.25pt x 501.875pt>
File: figuras/prints/fig_val_transcalor2d_campo.png Graphic file (type png)
<use figuras/prints/fig_val_transcalor2d_campo.png>
Package pdftex.def Info: figuras/prints/fig_val_transcalor2d_campo.png  used on
 input line 554.
(pdftex.def)             Requested size: 320.09349pt x 266.75061pt.


[59]

[60 <./figuras/prints/fig_val_transcalor2d_campo.png>]
Overfull \hbox (12.7887pt too wide) in paragraph at lines 589--590
[]\OT1/cmr/bx/n/12 superf^^S^^Pcie do ci-lin-dro\OT1/cmr/m/n/12 : $\OML/cmm/m/i
t/12  $ \OT1/cmr/m/n/12 cons-tante (pa-rede des-li-zante, corpo n~ao-atravess^^
Savel). 
 []



[61]

[62]
<figuras/prints/fig_val_potencial2d_linhas.png, id=318, 714.7503pt x 860.013pt>

File: figuras/prints/fig_val_potencial2d_linhas.png Graphic file (type png)
<use figuras/prints/fig_val_potencial2d_linhas.png>
Package pdftex.def Info: figuras/prints/fig_val_potencial2d_linhas.png  used on
 input line 631.
(pdftex.def)             Requested size: 298.75262pt x 359.48392pt.


[63]

[64 <./figuras/prints/fig_val_potencial2d_linhas.png>]
Overfull \hbox (12.31972pt too wide) in paragraph at lines 666--667
 \OT1/cmr/bx/n/12 Nota so-bre o pa-ra-doxo de d'Alembert.[] \OT1/cmr/m/n/12 A i
n-te-gra^^Xc~ao num^^Serica de $[] \OML/cmm/m/it/12 C[]\OT1/cmr/m/n/12 (\OML/cm
m/m/it/12 ^^R\OT1/cmr/m/n/12 ) [] \OML/cmm/m/it/12 ^^R d`$
 []



[65]

[66]
<figuras/prints/fig_val_ns2d_cavity_re100.png, id=332, 360.6273pt x 860.013pt>
File: figuras/prints/fig_val_ns2d_cavity_re100.png Graphic file (type png)
<use figuras/prints/fig_val_ns2d_cavity_re100.png>
Package pdftex.def Info: figuras/prints/fig_val_ns2d_cavity_re100.png  used on 
input line 726.
(pdftex.def)             Requested size: 229.86522pt x 548.16986pt.


LaTeX Warning: Float too large for page by 32.38689pt on input line 729.

<figuras/prints/fig_val_ns_ghia_uy.png, id=333, 498.1812pt x 426.393pt>
File: figuras/prints/fig_val_ns_ghia_uy.png Graphic file (type png)
<use figuras/prints/fig_val_ns_ghia_uy.png>
Package pdftex.def Info: figuras/prints/fig_val_ns_ghia_uy.png  used on input l
ine 733.
(pdftex.def)             Requested size: 320.09349pt x 273.97713pt.


[67]

[68 <./figuras/prints/fig_val_ns2d_cavity_re100.png>]

[69 <./figuras/prints/fig_val_ns_ghia_uy.png>])

[70]
Cap\'{\i }tulo 6.
(./conclusao.tex)

[71

] (./Principal.bbl

[72


]

[73]

[74]

[75]

[76])

[77]
Ap\^endice A.
(./apendice_modulos_1d.tex
(../simulations/mef/conducao-permanente-barra1d-mef/simulation.py

[78

]

[79]

[80]

[81]) (../simulations/mef/calor-transiente-1d/simulation.py
Overfull \hbox (7.00786pt too wide) in paragraph at lines 5--6
[][][][][][] 
 []



[82]

[83]

[84]

[85]

[86]

[87]

[88]

[89]

[90]) (../simulations/mef/conveccao-difusao-1d/simulation.py

[91]

[92]

[93]

[94]

[95]

[96]) (../simulations/mef/viga-1d-mef/simulation.py

[97]

[98]

[99]

[100]

[101]

[102]

[103]

[104]

[105]

[106]

[107]

[108]

[109]

[110]

[111]) (../simulations/mef/vibracao-1d-mef/simulation.py

[112]

[113]

[114]

[115]

[116]

[117]

[118]

[119]

[120]

[121]

[122]))

[123]
Ap\^endice B.
(./apendice_modulos_2d.tex (../simulations/mef/escoamento-fluido-2d/common.py

[124

]

[125]

[126])
Overfull \hbox (40.9344pt too wide) in paragraph at lines 11--11
[]\OT1/cmr/bx/n/17.28 M^^Sodulo Com-par-ti-lhado: Ge-o-me-trias de Obst^^Saculo
 
 []



[127] (../simulations/mef/escoamento-fluido-2d/geometry.py

[128]

[129]) (../simulations/mef/transcalor/simulation.py

[130]

[131]

[132]

[133]

[134])

[135]
(../simulations/mef/escoamento-fluido-2d/escoamento-potencial/simulation.py

[136]

[137]

[138]

[139]

[140]

[141]

[142]

[143]

[144]

[145]

[146]) (../simulations/mef/escoamento-fluido-2d/navier-stokes/simulation.py

[147]

[148]

[149]

[150]

[151]

[152]

[153]

[154]

[155]

[156]

[157]

[158]

[159]))

[160] (./Principal.aux)
 ***********
LaTeX2e <2024-11-01> patch level 2
L3 programming layer <2025-01-18>
 ***********
 ) 
Here is how much of TeX's memory you used:
 16008 strings out of 473190
 277139 string characters out of 5715799
 1274031 words of memory out of 5000000
 38944 multiletter control sequences out of 15000+600000
 575710 words of font info for 99 fonts, out of 8000000 for 9000
 1141 hyphenation exceptions out of 8191
 80i,14n,98p,1256b,1873s stack positions out of 10000i,1000n,20000p,200000b,200000s
</usr/local/texlive/2025/texmf-dist/fonts/type1/public/amsfonts/cm/cmbx12.pfb
></usr/local/texlive/2025/texmf-dist/fonts/type1/public/amsfonts/cm/cmbx8.pfb><
/usr/local/texlive/2025/texmf-dist/fonts/type1/public/amsfonts/cm/cmbxti10.pfb>
</usr/local/texlive/2025/texmf-dist/fonts/type1/public/amsfonts/cm/cmex10.pfb><
/usr/local/texlive/2025/texmf-dist/fonts/type1/public/amsfonts/cm/cmitt10.pfb><
/usr/local/texlive/2025/texmf-dist/fonts/type1/public/amsfonts/cm/cmmi10.pfb></
usr/local/texlive/2025/texmf-dist/fonts/type1/public/amsfonts/cm/cmmi12.pfb></u
sr/local/texlive/2025/texmf-dist/fonts/type1/public/amsfonts/cm/cmmi6.pfb></usr
/local/texlive/2025/texmf-dist/fonts/type1/public/amsfonts/cm/cmmi8.pfb></usr/l
ocal/texlive/2025/texmf-dist/fonts/type1/public/amsfonts/cm/cmmib10.pfb></usr/l
ocal/texlive/2025/texmf-dist/fonts/type1/public/amsfonts/cm/cmr10.pfb></usr/loc
al/texlive/2025/texmf-dist/fonts/type1/public/amsfonts/cm/cmr12.pfb></usr/local
/texlive/2025/texmf-dist/fonts/type1/public/amsfonts/cm/cmr17.pfb></usr/local/t
exlive/2025/texmf-dist/fonts/type1/public/amsfonts/cm/cmr6.pfb></usr/local/texl
ive/2025/texmf-dist/fonts/type1/public/amsfonts/cm/cmr7.pfb></usr/local/texlive
/2025/texmf-dist/fonts/type1/public/amsfonts/cm/cmr8.pfb></usr/local/texlive/20
25/texmf-dist/fonts/type1/public/amsfonts/cm/cmsy10.pfb></usr/local/texlive/202
5/texmf-dist/fonts/type1/public/amsfonts/cm/cmsy6.pfb></usr/local/texlive/2025/
texmf-dist/fonts/type1/public/amsfonts/cm/cmsy7.pfb></usr/local/texlive/2025/te
xmf-dist/fonts/type1/public/amsfonts/cm/cmsy8.pfb></usr/local/texlive/2025/texm
f-dist/fonts/type1/public/amsfonts/cm/cmti12.pfb></usr/local/texlive/2025/texmf
-dist/fonts/type1/public/amsfonts/cm/cmtt10.pfb></usr/local/texlive/2025/texmf-
dist/fonts/type1/public/amsfonts/cm/cmtt12.pfb></usr/local/texlive/2025/texmf-d
ist/fonts/type1/public/amsfonts/symbols/msam10.pfb></usr/local/texlive/2025/tex
mf-dist/fonts/type1/public/amsfonts/symbols/msbm10.pfb></usr/local/texlive/2025
/texmf-dist/fonts/type1/public/cm-super/sfrm1200.pfb></usr/local/texlive/2025/t
exmf-dist/fonts/type1/public/cm-super/sftt1000.pfb>
Output written on Principal.pdf (177 pages, 11246746 bytes).
PDF statistics:
 759 PDF objects out of 1000 (max. 8388607)
 476 compressed objects within 5 object streams
 0 named destinations out of 1000 (max. 500000)
 111 words of extra memory for PDF output out of 10000 (max. 10000000)

